<html>
<body>
<pre>
<h1>µVision Build Log</h1>
<h2>Tool Versions:</h2>
IDE-Version: µVision V5.26.2.0
Copyright (C) 2018 ARM Ltd and ARM Germany GmbH. All rights reserved.
License Information: Jiale Li, Nuvoton, LIC=GMZGK-Z3KYM-R9FG6-DZ403-EWBZU-H624D
 
Tool Versions:
Toolchain:       MDK-ARM Plus  Version: 5.26.2.0
Toolchain Path:  C:\Keil_v5\ARM\ARMCC\Bin
C Compiler:      Armcc.exe V5.06 update 6 (build 750)
Assembler:       Armasm.exe V5.06 update 6 (build 750)
Linker/Locator:  ArmLink.exe V5.06 update 6 (build 750)
Library Manager: ArmAr.exe V5.06 update 6 (build 750)
Hex Converter:   FromElf.exe V5.06 update 6 (build 750)
CPU DLL:         SARMCM3.DLL V5.26.2.0
Dialog DLL:      DARMCM1.DLL V1.19.1.0
Target DLL:      Nu_Link.dll V3.05
Dialog DLL:      TARMCM1.DLL V1.14.0.0
 
<h2>Project:</h2>
C:\Users\jli1\Desktop\USBD_UAC_I94100_CODEC\KEILC\USBD_UAC_I94100_NAU88L21\KEIL\USBD_UAC_I94100_NAU88L21.uvproj
Project File Date:  08/16/2021

<h2>Output:</h2>
*** Using Compiler 'V5.06 update 6 (build 750)', folder: 'C:\Keil_v5\ARM\ARMCC\Bin'
Rebuild target 'USBD_UAC_I94100_NAU88L21'
assembling startup_I94100.s...
compiling main.c...
compiling system_I94100.c...
compiling SysClk.c...
compiling audio_descriptor.c...
compiling clk.c...
compiling NAU88L21_LIB.c...
compiling crc.c...
compiling audio_class.c...
compiling dmic.c...
compiling eadc.c...
compiling gpio.c...
compiling fmc.c...
compiling dpwm.c...
compiling i2c.c...
compiling i2s.c...
compiling pdma.c...
compiling sys.c...
compiling uart.c...
compiling retarget.c...
compiling timer.c...
compiling pwm.c...
compiling rtc.c...
compiling spi.c...
compiling usbd.c...
compiling wdt.c...
compiling vad.c...
compiling wwdt.c...
linking...
Program Size: Code=15180 RO-data=856 RW-data=428 ZI-data=9644  
After Build - User command #1: fromelf --bin ".\obj\USBD_UAC_I94100_NAU88L21.axf" --output ".\obj\USBD_UAC_I94100_NAU88L21.bin"
After Build - User command #2: fromelf --text -c ".\obj\USBD_UAC_I94100_NAU88L21.axf" --output ".\obj\USBD_UAC_I94100_NAU88L21.txt"
".\obj\USBD_UAC_I94100_NAU88L21.axf" - 0 Error(s), 0 Warning(s).
Build Time Elapsed:  00:00:09
</pre>
</body>
</html>
