Component: ARM Compiler 5.06 update 6 (build 750) Tool: armlink [4d35ed]

==============================================================================

Small function inlining results

Inlined function _platform_pre_stackheap_init from boardinit1.o at offset 0x0 in __rtentry2.o(.ARM.Collect$$rtentry$$00000001).
Inlined Instruction: BX       lr
Inlined function _platform_pre_lib_shutdown from boardshut.o at offset 0x0 in rtexit2.o(.ARM.Collect$$rtexit$$00000001).
Inlined Instruction: BX       lr
Inlined total of 2 calls.

==============================================================================

Section Cross References

    startup_i94100.o(STACK) refers (Special) to heapauxi.o(.text) for __use_two_region_memory
    startup_i94100.o(HEAP) refers (Special) to heapauxi.o(.text) for __use_two_region_memory
    startup_i94100.o(RESET) refers (Special) to heapauxi.o(.text) for __use_two_region_memory
    startup_i94100.o(RESET) refers to startup_i94100.o(STACK) for __initial_sp
    startup_i94100.o(RESET) refers to startup_i94100.o(.text) for Reset_Handler
    startup_i94100.o(RESET) refers to sysclk.o(.text) for SysTick_Handler
    startup_i94100.o(RESET) refers to nau88l21_lib.o(.text) for I2C1_IRQHandler
    startup_i94100.o(RESET) refers to audio_class.o(.text) for USBD_IRQHandler
    startup_i94100.o(.text) refers (Special) to heapauxi.o(.text) for __use_two_region_memory
    startup_i94100.o(.text) refers to system_i94100.o(.text) for SystemInit
    startup_i94100.o(.text) refers to __main.o(!!!main) for __main
    startup_i94100.o(.text) refers to startup_i94100.o(HEAP) for Heap_Mem
    startup_i94100.o(.text) refers to startup_i94100.o(STACK) for Stack_Mem
    system_i94100.o(.text) refers to sys.o(.text) for SYS_UnlockReg
    system_i94100.o(.text) refers to system_i94100.o(.data) for PllClock
    sysclk.o(.text) refers to system_i94100.o(.text) for SystemCoreClockUpdate
    sysclk.o(.text) refers to clk.o(.text) for CLK_EnableModuleClock
    sysclk.o(.text) refers to timer.o(.text) for TIMER_Open
    sysclk.o(.text) refers to sys.o(.text) for SYS_Unlock
    sysclk.o(.text) refers to system_i94100.o(.data) for SystemCoreClock
    sysclk.o(.text) refers to sysclk.o(.data) for u8Count
    sysclk.o(.text) refers to nau88l21_lib.o(.data) for g_u8CodecInit
    main.o(.text) refers to sysclk.o(.text) for SysClk_Initiate
    main.o(.text) refers to nau88l21_lib.o(.text) for I2C1_INIT
    main.o(.text) refers to audio_class.o(.text) for USBD_INIT
    main.o(.text) refers to usbd.o(.text) for USBD_START
    audio_class.o(.text) refers to _printf_pad.o(.text) for _printf_pre_padding
    audio_class.o(.text) refers to _printf_percent.o(.ARM.Collect$$_printf_percent$$00000000) for _printf_percent
    audio_class.o(.text) refers to _printf_x.o(.ARM.Collect$$_printf_percent$$0000000C) for _printf_x
    audio_class.o(.text) refers to _printf_hex_int.o(.text) for _printf_longlong_hex
    audio_class.o(.text) refers to usbd.o(.text) for USBD_GetSetupPacket
    audio_class.o(.text) refers to nau88l21_lib.o(.text) for PDMA_I2S0_RX_Init
    audio_class.o(.text) refers to noretval__2printf.o(.text) for __2printf
    audio_class.o(.text) refers to puts.o(.text) for puts
    audio_class.o(.text) refers to audio_descriptor.o(.constdata) for gsInfo
    audio_class.o(.text) refers to audio_class.o(.data) for g_u8AudioMicState
    audio_class.o(.text) refers to clk.o(.text) for CLK_SetModuleClock
    audio_class.o(.text) refers to gpio.o(.text) for GPIO_EnablePullState
    audio_class.o(.text) refers to audio_class.o(.bss) for g_au32USB_PlaybackBuff
    audio_descriptor.o(.constdata) refers to audio_descriptor.o(.data) for gpu8UsbString
    audio_descriptor.o(.data) refers to audio_descriptor.o(.constdata) for gu8StringLang
    nau88l21_lib.o(.text) refers to sys.o(.text) for SYS_ResetModule
    nau88l21_lib.o(.text) refers to clk.o(.text) for CLK_EnableModuleClock
    nau88l21_lib.o(.text) refers to i2c.o(.text) for I2C_Open
    nau88l21_lib.o(.text) refers to gpio.o(.text) for GPIO_EnablePullState
    nau88l21_lib.o(.text) refers to i2s.o(.text) for I2S_Open
    nau88l21_lib.o(.text) refers to pdma.o(.text) for PDMA_Open
    nau88l21_lib.o(.text) refers to nau88l21_lib.o(.bss) for s_I2CCtrl
    nau88l21_lib.o(.text) refers to nau88l21_lib.o(.data) for g_u8CodecInit
    nau88l21_lib.o(.text) refers to audio_class.o(.data) for g_u16PlayBackReadPtr
    nau88l21_lib.o(.text) refers to audio_class.o(.bss) for g_au32I2S0TxBuff
    clk.o(.text) refers to system_i94100.o(.text) for SystemCoreClockUpdate
    clk.o(.text) refers to system_i94100.o(.data) for SystemCoreClock
    dmic.o(.text) refers to clk.o(.text) for CLK_GetPCLK0Freq
    dmic.o(.text) refers to dmic.o(.constdata) for .constdata
    dpwm.o(.text) refers to system_i94100.o(.text) for SystemCoreClockUpdate
    dpwm.o(.text) refers to clk.o(.text) for CLK_GetPCLK0Freq
    i2c.o(.text) refers to clk.o(.text) for CLK_GetPCLK1Freq
[...]
    libinit.o(.ARM.Collect$$libinit$$00000000) refers (Special) to libinit2.o(.ARM.Collect$$libinit$$00000017) for __rt_lib_init_lc_numeric_1
    libinit.o(.ARM.Collect$$libinit$$00000000) refers (Special) to libinit2.o(.ARM.Collect$$libinit$$00000019) for __rt_lib_init_lc_time_1
    libinit.o(.ARM.Collect$$libinit$$00000000) refers (Special) to libinit2.o(.ARM.Collect$$libinit$$00000004) for __rt_lib_init_preinit_1
    libinit.o(.ARM.Collect$$libinit$$00000000) refers (Special) to libinit2.o(.ARM.Collect$$libinit$$0000000E) for __rt_lib_init_rand_1
    libinit.o(.ARM.Collect$$libinit$$00000000) refers (Special) to libinit2.o(.ARM.Collect$$libinit$$00000033) for __rt_lib_init_return
    libinit.o(.ARM.Collect$$libinit$$00000000) refers (Special) to libinit2.o(.ARM.Collect$$libinit$$0000001D) for __rt_lib_init_signal_1
    libinit.o(.ARM.Collect$$libinit$$00000000) refers (Special) to libinit2.o(.ARM.Collect$$libinit$$00000025) for __rt_lib_init_stdio_1
    libinit.o(.ARM.Collect$$libinit$$00000000) refers (Special) to libinit2.o(.ARM.Collect$$libinit$$0000000C) for __rt_lib_init_user_alloc_1
    libspace.o(.text) refers to libspace.o(.bss) for __libspace_start
    rtexit.o(.ARM.Collect$$rtexit$$00000000) refers (Special) to rtexit2.o(.ARM.Collect$$rtexit$$00000004) for __rt_exit_exit
    rtexit.o(.ARM.Collect$$rtexit$$00000000) refers (Special) to rtexit2.o(.ARM.Collect$$rtexit$$00000003) for __rt_exit_ls
    rtexit.o(.ARM.Collect$$rtexit$$00000000) refers (Special) to rtexit2.o(.ARM.Collect$$rtexit$$00000002) for __rt_exit_prels_1
    rtexit.o(.ARM.exidx) refers (Special) to rtexit2.o(.ARM.Collect$$rtexit$$00000004) for __rt_exit_exit
    rtexit.o(.ARM.exidx) refers (Special) to rtexit2.o(.ARM.Collect$$rtexit$$00000003) for __rt_exit_ls
    rtexit.o(.ARM.exidx) refers (Special) to rtexit2.o(.ARM.Collect$$rtexit$$00000002) for __rt_exit_prels_1
    rtexit.o(.ARM.exidx) refers to rtexit.o(.ARM.Collect$$rtexit$$00000000) for .ARM.Collect$$rtexit$$00000000
    libinit2.o(.ARM.Collect$$libinit$$00000001) refers to fpinit.o(x$fpl$fpinit) for _fp_init
    libinit2.o(.ARM.Collect$$libinit$$00000010) refers to libinit2.o(.ARM.Collect$$libinit$$0000000F) for .ARM.Collect$$libinit$$0000000F
    libinit2.o(.ARM.Collect$$libinit$$00000012) refers to libinit2.o(.ARM.Collect$$libinit$$0000000F) for .ARM.Collect$$libinit$$0000000F
    libinit2.o(.ARM.Collect$$libinit$$00000014) refers to libinit2.o(.ARM.Collect$$libinit$$0000000F) for .ARM.Collect$$libinit$$0000000F
    libinit2.o(.ARM.Collect$$libinit$$00000016) refers to libinit2.o(.ARM.Collect$$libinit$$0000000F) for .ARM.Collect$$libinit$$0000000F
    libinit2.o(.ARM.Collect$$libinit$$00000018) refers to libinit2.o(.ARM.Collect$$libinit$$0000000F) for .ARM.Collect$$libinit$$0000000F
    libinit2.o(.ARM.Collect$$libinit$$00000026) refers to argv_veneer.o(.emb_text) for __ARM_argv_veneer
    libinit2.o(.ARM.Collect$$libinit$$00000027) refers to argv_veneer.o(.emb_text) for __ARM_argv_veneer
    rtexit2.o(.ARM.Collect$$rtexit$$00000003) refers to libshutdown.o(.ARM.Collect$$libshutdown$$00000000) for __rt_lib_shutdown
    rtexit2.o(.ARM.Collect$$rtexit$$00000004) refers to sys_exit.o(.text) for _sys_exit
    rtexit2.o(.ARM.exidx) refers to rtexit2.o(.ARM.Collect$$rtexit$$00000001) for .ARM.Collect$$rtexit$$00000001
    rtexit2.o(.ARM.exidx) refers to rtexit2.o(.ARM.Collect$$rtexit$$00000003) for .ARM.Collect$$rtexit$$00000003
    rtexit2.o(.ARM.exidx) refers to rtexit2.o(.ARM.Collect$$rtexit$$00000004) for .ARM.Collect$$rtexit$$00000004
    argv_veneer.o(.emb_text) refers to no_argv.o(.text) for __ARM_get_argv
    sys_exit.o(.text) refers (Special) to use_no_semi.o(.text) for __I$use$semihosting
    sys_exit.o(.text) refers (Special) to indicate_semi.o(.text) for __semihosting_library_function
    _get_argv_nomalloc.o(.text) refers (Special) to hrguard.o(.text) for __heap_region$guard
    _get_argv_nomalloc.o(.text) refers to defsig_rtmem_outer.o(.text) for __rt_SIGRTMEM
    _get_argv_nomalloc.o(.text) refers to sys_command.o(.text) for _sys_command_string
    libshutdown.o(.ARM.Collect$$libshutdown$$00000000) refers (Special) to libshutdown2.o(.ARM.Collect$$libshutdown$$00000002) for __rt_lib_shutdown_cpp_1
    libshutdown.o(.ARM.Collect$$libshutdown$$00000000) refers (Special) to libshutdown2.o(.ARM.Collect$$libshutdown$$00000007) for __rt_lib_shutdown_fp_trap_1
    libshutdown.o(.ARM.Collect$$libshutdown$$00000000) refers (Special) to libshutdown2.o(.ARM.Collect$$libshutdown$$0000000F) for __rt_lib_shutdown_heap_1
    libshutdown.o(.ARM.Collect$$libshutdown$$00000000) refers (Special) to libshutdown2.o(.ARM.Collect$$libshutdown$$00000010) for __rt_lib_shutdown_return
    libshutdown.o(.ARM.Collect$$libshutdown$$00000000) refers (Special) to libshutdown2.o(.ARM.Collect$$libshutdown$$0000000A) for __rt_lib_shutdown_signal_1
    libshutdown.o(.ARM.Collect$$libshutdown$$00000000) refers (Special) to libshutdown2.o(.ARM.Collect$$libshutdown$$00000004) for __rt_lib_shutdown_stdio_1
    libshutdown.o(.ARM.Collect$$libshutdown$$00000000) refers (Special) to libshutdown2.o(.ARM.Collect$$libshutdown$$0000000C) for __rt_lib_shutdown_user_alloc_1
    sys_command.o(.text) refers (Special) to use_no_semi.o(.text) for __I$use$semihosting
    sys_command.o(.text) refers (Special) to indicate_semi.o(.text) for __semihosting_library_function
    defsig_rtmem_outer.o(.text) refers to defsig_rtmem_inner.o(.text) for __rt_SIGRTMEM_inner
    defsig_rtmem_outer.o(.text) refers to defsig_exit.o(.text) for __sig_exit
    defsig_rtmem_formal.o(.text) refers to rt_raise.o(.text) for __rt_raise
    rt_raise.o(.text) refers to __raise.o(.text) for __raise
    rt_raise.o(.text) refers to sys_exit.o(.text) for _sys_exit
    defsig_exit.o(.text) refers to sys_exit.o(.text) for _sys_exit
    defsig_rtmem_inner.o(.text) refers to defsig_general.o(.text) for __default_signal_display
    __raise.o(.text) refers to defsig.o(CL$$defsig) for __default_signal_handler
    defsig_general.o(.text) refers to retarget.o(.text) for _ttywrch
    defsig.o(CL$$defsig) refers to defsig_rtmem_inner.o(.text) for __rt_SIGRTMEM_inner
    defsig_abrt_inner.o(.text) refers to defsig_general.o(.text) for __default_signal_display
    defsig_fpe_inner.o(.text) refers to defsig_general.o(.text) for __default_signal_display
    defsig_rtred_inner.o(.text) refers to defsig_general.o(.text) for __default_signal_display
    defsig_stak_inner.o(.text) refers to defsig_general.o(.text) for __default_signal_display
    defsig_pvfn_inner.o(.text) refers to defsig_general.o(.text) for __default_signal_display
    defsig_cppl_inner.o(.text) refers to defsig_general.o(.text) for __default_signal_display
    defsig_segv_inner.o(.text) refers to defsig_general.o(.text) for __default_signal_display
    defsig_other.o(.text) refers to defsig_general.o(.text) for __default_signal_display


==============================================================================

Removing Unused input sections from the image.

    Removing system_i94100.o(.rev16_text), (4 bytes).
    Removing system_i94100.o(.revsh_text), (4 bytes).
    Removing system_i94100.o(.rrx_text), (6 bytes).
    Removing sysclk.o(.rev16_text), (4 bytes).
    Removing sysclk.o(.revsh_text), (4 bytes).
    Removing sysclk.o(.rrx_text), (6 bytes).
    Removing main.o(.rev16_text), (4 bytes).
    Removing main.o(.revsh_text), (4 bytes).
    Removing main.o(.rrx_text), (6 bytes).
    Removing audio_class.o(.rev16_text), (4 bytes).
    Removing audio_class.o(.revsh_text), (4 bytes).
    Removing audio_class.o(.rrx_text), (6 bytes).
    Removing audio_descriptor.o(.rev16_text), (4 bytes).
    Removing audio_descriptor.o(.revsh_text), (4 bytes).
    Removing audio_descriptor.o(.rrx_text), (6 bytes).
    Removing nau88l21_lib.o(.rev16_text), (4 bytes).
    Removing nau88l21_lib.o(.revsh_text), (4 bytes).
    Removing nau88l21_lib.o(.rrx_text), (6 bytes).
    Removing clk.o(.rev16_text), (4 bytes).
    Removing clk.o(.revsh_text), (4 bytes).
    Removing clk.o(.rrx_text), (6 bytes).
    Removing crc.o(.rev16_text), (4 bytes).
    Removing crc.o(.revsh_text), (4 bytes).
    Removing crc.o(.rrx_text), (6 bytes).
    Removing crc.o(.text), (96 bytes).
    Removing dmic.o(.rev16_text), (4 bytes).
    Removing dmic.o(.revsh_text), (4 bytes).
    Removing dmic.o(.rrx_text), (6 bytes).
    Removing dmic.o(.text), (396 bytes).
    Removing dmic.o(.constdata), (8 bytes).
    Removing dpwm.o(.rev16_text), (4 bytes).
    Removing dpwm.o(.revsh_text), (4 bytes).
    Removing dpwm.o(.rrx_text), (6 bytes).
    Removing dpwm.o(.text), (712 bytes).
    Removing eadc.o(.rev16_text), (4 bytes).
    Removing eadc.o(.revsh_text), (4 bytes).
    Removing eadc.o(.rrx_text), (6 bytes).
    Removing eadc.o(.text), (168 bytes).
    Removing fmc.o(.rev16_text), (4 bytes).
    Removing fmc.o(.revsh_text), (4 bytes).
    Removing fmc.o(.rrx_text), (6 bytes).
    Removing fmc.o(.text), (880 bytes).
    Removing gpio.o(.rev16_text), (4 bytes).
    Removing gpio.o(.revsh_text), (4 bytes).
    Removing gpio.o(.rrx_text), (6 bytes).
    Removing i2c.o(.rev16_text), (4 bytes).
    Removing i2c.o(.revsh_text), (4 bytes).
    Removing i2c.o(.rrx_text), (6 bytes).
    Removing i2s.o(.rev16_text), (4 bytes).
    Removing i2s.o(.revsh_text), (4 bytes).
    Removing i2s.o(.rrx_text), (6 bytes).
    Removing pdma.o(.rev16_text), (4 bytes).
    Removing pdma.o(.revsh_text), (4 bytes).
    Removing pdma.o(.rrx_text), (6 bytes).
    Removing pwm.o(.rev16_text), (4 bytes).
    Removing pwm.o(.revsh_text), (4 bytes).
    Removing pwm.o(.rrx_text), (6 bytes).
    Removing pwm.o(.text), (2216 bytes).
    Removing retarget.o(.rev16_text), (4 bytes).
    Removing retarget.o(.revsh_text), (4 bytes).
    Removing retarget.o(.rrx_text), (6 bytes).
    Removing rtc.o(.rev16_text), (4 bytes).
    Removing rtc.o(.revsh_text), (4 bytes).
    Removing rtc.o(.rrx_text), (6 bytes).
    Removing rtc.o(.text), (2028 bytes).
    Removing rtc.o(.data), (48 bytes).
    Removing spi.o(.rev16_text), (4 bytes).
    Removing spi.o(.revsh_text), (4 bytes).
    Removing spi.o(.rrx_text), (6 bytes).
    Removing spi.o(.text), (2500 bytes).
    Removing sys.o(.rev16_text), (4 bytes).
    Removing sys.o(.revsh_text), (4 bytes).
    Removing sys.o(.rrx_text), (6 bytes).
    Removing timer.o(.rev16_text), (4 bytes).
    Removing timer.o(.revsh_text), (4 bytes).
    Removing timer.o(.rrx_text), (6 bytes).
    Removing uart.o(.rev16_text), (4 bytes).
    Removing uart.o(.revsh_text), (4 bytes).
    Removing uart.o(.rrx_text), (6 bytes).
    Removing uart.o(.text), (780 bytes).
    Removing uart.o(.constdata), (32 bytes).
    Removing usbd.o(.rev16_text), (4 bytes).
    Removing usbd.o(.revsh_text), (4 bytes).
    Removing usbd.o(.rrx_text), (6 bytes).
    Removing vad.o(.rev16_text), (4 bytes).
    Removing vad.o(.revsh_text), (4 bytes).
    Removing vad.o(.rrx_text), (6 bytes).
    Removing vad.o(.text), (404 bytes).
    Removing vad.o(.constdata), (8 bytes).
    Removing wdt.o(.rev16_text), (4 bytes).
    Removing wdt.o(.revsh_text), (4 bytes).
    Removing wdt.o(.rrx_text), (6 bytes).
    Removing wdt.o(.text), (28 bytes).
    Removing wwdt.o(.rev16_text), (4 bytes).
    Removing wwdt.o(.revsh_text), (4 bytes).
    Removing wwdt.o(.rrx_text), (6 bytes).
    Removing wwdt.o(.text), (32 bytes).

97 unused section(s) (total 10714 bytes) removed from the image.

==============================================================================

Image Symbol Table

    Local Symbols

    Symbol Name                              Value     Ov Type        Size  Object(Section)

    RESET                                    0x00000000   Section      340  startup_i94100.o(RESET)
    ../clib/angel/boardlib.s                 0x00000000   Number         0  boardshut.o ABSOLUTE
    ../clib/angel/boardlib.s                 0x00000000   Number         0  boardinit3.o ABSOLUTE
    ../clib/angel/boardlib.s                 0x00000000   Number         0  boardinit2.o ABSOLUTE
    ../clib/angel/boardlib.s                 0x00000000   Number         0  boardinit1.o ABSOLUTE
    ../clib/angel/handlers.s                 0x00000000   Number         0  __scatter_copy.o ABSOLUTE
    ../clib/angel/handlers.s                 0x00000000   Number         0  __scatter_zi.o ABSOLUTE
    ../clib/angel/kernel.s                   0x00000000   Number         0  __rtentry2.o ABSOLUTE
    ../clib/angel/kernel.s                   0x00000000   Number         0  rtexit2.o ABSOLUTE
    ../clib/angel/kernel.s                   0x00000000   Number         0  __rtentry.o ABSOLUTE
    ../clib/angel/kernel.s                   0x00000000   Number         0  __rtentry4.o ABSOLUTE
    ../clib/angel/kernel.s                   0x00000000   Number         0  rtexit.o ABSOLUTE
    ../clib/angel/rt.s                       0x00000000   Number         0  rt_raise.o ABSOLUTE
    ../clib/angel/scatter.s                  0x00000000   Number         0  __scatter.o ABSOLUTE
    ../clib/angel/startup.s                  0x00000000   Number         0  __main.o ABSOLUTE
    ../clib/angel/sys.s                      0x00000000   Number         0  indicate_semi.o ABSOLUTE
    ../clib/angel/sys.s                      0x00000000   Number         0  sys_stackheap_outer.o ABSOLUTE
    ../clib/angel/sys.s                      0x00000000   Number         0  use_no_semi.o ABSOLUTE
    ../clib/angel/sys.s                      0x00000000   Number         0  libspace.o ABSOLUTE
    ../clib/angel/sysapp.c                   0x00000000   Number         0  sys_exit.o ABSOLUTE
    ../clib/angel/sysapp.c                   0x00000000   Number         0  sys_command.o ABSOLUTE
    ../clib/armsys.c                         0x00000000   Number         0  argv_veneer.o ABSOLUTE
    ../clib/armsys.c                         0x00000000   Number         0  argv_veneer.o ABSOLUTE
    ../clib/armsys.c                         0x00000000   Number         0  no_argv.o ABSOLUTE
    ../clib/armsys.c                         0x00000000   Number         0  _get_argv_nomalloc.o ABSOLUTE
    ../clib/heapalloc.c                      0x00000000   Number         0  hrguard.o ABSOLUTE
    ../clib/heapaux.c                        0x00000000   Number         0  heapauxi.o ABSOLUTE
    ../clib/libinit.s                        0x00000000   Number         0  libinit2.o ABSOLUTE
    ../clib/libinit.s                        0x00000000   Number         0  libinit.o ABSOLUTE
    ../clib/libinit.s                        0x00000000   Number         0  libshutdown.o ABSOLUTE
    ../clib/libinit.s                        0x00000000   Number         0  libshutdown2.o ABSOLUTE
    ../clib/misc.s                           0x00000000   Number         0  printf_stubs.o ABSOLUTE
    ../clib/printf.c                         0x00000000   Number         0  _printf_char_common.o ABSOLUTE
    ../clib/printf.c                         0x00000000   Number         0  _printf_hex_ll.o ABSOLUTE
    ../clib/printf.c                         0x00000000   Number         0  _printf_pad.o ABSOLUTE
    ../clib/printf.c                         0x00000000   Number         0  __printf.o ABSOLUTE
    ../clib/printf.c                         0x00000000   Number         0  __printf_ss_wp.o ABSOLUTE
    ../clib/printf.c                         0x00000000   Number         0  noretval__2printf.o ABSOLUTE
    ../clib/printf.c                         0x00000000   Number         0  __printf_flags_ss_wp.o ABSOLUTE
    ../clib/printf.c                         0x00000000   Number         0  __printf_flags_ss.o ABSOLUTE
    ../clib/printf.c                         0x00000000   Number         0  __2printf.o ABSOLUTE
    ../clib/printf.c                         0x00000000   Number         0  _printf_hex_ll_ptr.o ABSOLUTE
    ../clib/printf.c                         0x00000000   Number         0  _printf_hex_int_ptr.o ABSOLUTE
    ../clib/printf.c                         0x00000000   Number         0  _printf_hex_ptr.o ABSOLUTE
    ../clib/printf.c                         0x00000000   Number         0  _printf_hex_int_ll.o ABSOLUTE
    ../clib/printf.c                         0x00000000   Number         0  __printf_flags.o ABSOLUTE
    ../clib/printf.c                         0x00000000   Number         0  _printf_hex_int_ll_ptr.o ABSOLUTE
    ../clib/printf.c                         0x00000000   Number         0  __printf_flags_wp.o ABSOLUTE
    ../clib/printf.c                         0x00000000   Number         0  __printf_nopercent.o ABSOLUTE
    ../clib/printf.c                         0x00000000   Number         0  _printf_intcommon.o ABSOLUTE
    ../clib/printf.c                         0x00000000   Number         0  __printf_ss.o ABSOLUTE
    ../clib/printf.c                         0x00000000   Number         0  __printf_wp.o ABSOLUTE
    ../clib/printf.c                         0x00000000   Number         0  _printf_hex_int.o ABSOLUTE
    ../clib/printf.c                         0x00000000   Number         0  _printf_char_file.o ABSOLUTE
    ../clib/printf_percent.s                 0x00000000   Number         0  _printf_x.o ABSOLUTE
    ../clib/printf_percent.s                 0x00000000   Number         0  _printf_percent_end.o ABSOLUTE
    ../clib/printf_percent.s                 0x00000000   Number         0  _printf_percent.o ABSOLUTE
    ../clib/signal.c                         0x00000000   Number         0  defsig_other.o ABSOLUTE
    ../clib/signal.c                         0x00000000   Number         0  defsig_segv_inner.o ABSOLUTE
    ../clib/signal.c                         0x00000000   Number         0  defsig_general.o ABSOLUTE
    ../clib/signal.c                         0x00000000   Number         0  defsig_cppl_inner.o ABSOLUTE
    ../clib/signal.c                         0x00000000   Number         0  defsig_pvfn_inner.o ABSOLUTE
    ../clib/signal.c                         0x00000000   Number         0  defsig_stak_inner.o ABSOLUTE
    ../clib/signal.c                         0x00000000   Number         0  defsig_rtred_inner.o ABSOLUTE
    ../clib/signal.c                         0x00000000   Number         0  defsig_fpe_inner.o ABSOLUTE
    ../clib/signal.c                         0x00000000   Number         0  defsig_exit.o ABSOLUTE
    ../clib/signal.c                         0x00000000   Number         0  defsig_rtmem_formal.o ABSOLUTE
    ../clib/signal.c                         0x00000000   Number         0  defsig_rtmem_outer.o ABSOLUTE
    ../clib/signal.c                         0x00000000   Number         0  defsig_abrt_inner.o ABSOLUTE
    ../clib/signal.c                         0x00000000   Number         0  __raise.o ABSOLUTE
    ../clib/signal.c                         0x00000000   Number         0  defsig_rtmem_inner.o ABSOLUTE
    ../clib/signal.s                         0x00000000   Number         0  defsig.o ABSOLUTE
    ../clib/stdio.c                          0x00000000   Number         0  puts.o ABSOLUTE
    ../clib/stdlib.c                         0x00000000   Number         0  exit.o ABSOLUTE
    ../fplib/fpinit.s                        0x00000000   Number         0  fpinit.o ABSOLUTE
    ..\..\Library\Device\Nuvoton\I94100\Source\system_I94100.c 0x00000000   Number         0  system_i94100.o ABSOLUTE
    ..\..\Library\StdDriver\src\clk.c        0x00000000   Number         0  clk.o ABSOLUTE
    ..\..\Library\StdDriver\src\crc.c        0x00000000   Number         0  crc.o ABSOLUTE
    ..\..\Library\StdDriver\src\dmic.c       0x00000000   Number         0  dmic.o ABSOLUTE
    ..\..\Library\StdDriver\src\dpwm.c       0x00000000   Number         0  dpwm.o ABSOLUTE
    ..\..\Library\StdDriver\src\eadc.c       0x00000000   Number         0  eadc.o ABSOLUTE
    ..\..\Library\StdDriver\src\fmc.c        0x00000000   Number         0  fmc.o ABSOLUTE
    ..\..\Library\StdDriver\src\gpio.c       0x00000000   Number         0  gpio.o ABSOLUTE
    ..\..\Library\StdDriver\src\i2c.c        0x00000000   Number         0  i2c.o ABSOLUTE
    ..\..\Library\StdDriver\src\i2s.c        0x00000000   Number         0  i2s.o ABSOLUTE
    ..\..\Library\StdDriver\src\pdma.c       0x00000000   Number         0  pdma.o ABSOLUTE
    ..\..\Library\StdDriver\src\pwm.c        0x00000000   Number         0  pwm.o ABSOLUTE
    ..\..\Library\StdDriver\src\retarget.c   0x00000000   Number         0  retarget.o ABSOLUTE
    ..\..\Library\StdDriver\src\rtc.c        0x00000000   Number         0  rtc.o ABSOLUTE
    ..\..\Library\StdDriver\src\spi.c        0x00000000   Number         0  spi.o ABSOLUTE
    ..\..\Library\StdDriver\src\sys.c        0x00000000   Number         0  sys.o ABSOLUTE
    ..\..\Library\StdDriver\src\timer.c      0x00000000   Number         0  timer.o ABSOLUTE
    ..\..\Library\StdDriver\src\uart.c       0x00000000   Number         0  uart.o ABSOLUTE
    ..\..\Library\StdDriver\src\usbd.c       0x00000000   Number         0  usbd.o ABSOLUTE
    ..\..\Library\StdDriver\src\vad.c        0x00000000   Number         0  vad.o ABSOLUTE
    ..\..\Library\StdDriver\src\wdt.c        0x00000000   Number         0  wdt.o ABSOLUTE
    ..\..\Library\StdDriver\src\wwdt.c       0x00000000   Number         0  wwdt.o ABSOLUTE
    ..\NAU88L21_LIB\NAU88L21_LIB.c           0x00000000   Number         0  nau88l21_lib.o ABSOLUTE
    ..\SysClk.c                              0x00000000   Number         0  sysclk.o ABSOLUTE
    ..\USBD\audio_class.c                    0x00000000   Number         0  audio_class.o ABSOLUTE
    ..\USBD\audio_descriptor.c               0x00000000   Number         0  audio_descriptor.o ABSOLUTE
    ..\\..\\Library\\Device\\Nuvoton\\I94100\\Source\\system_I94100.c 0x00000000   Number         0  system_i94100.o ABSOLUTE
    ..\\..\\Library\\StdDriver\\src\\clk.c   0x00000000   Number         0  clk.o ABSOLUTE
    ..\\..\\Library\\StdDriver\\src\\crc.c   0x00000000   Number         0  crc.o ABSOLUTE
    ..\\..\\Library\\StdDriver\\src\\dmic.c  0x00000000   Number         0  dmic.o ABSOLUTE
    ..\\..\\Library\\StdDriver\\src\\dpwm.c  0x00000000   Number         0  dpwm.o ABSOLUTE
    ..\\..\\Library\\StdDriver\\src\\eadc.c  0x00000000   Number         0  eadc.o ABSOLUTE
    ..\\..\\Library\\StdDriver\\src\\fmc.c   0x00000000   Number         0  fmc.o ABSOLUTE
    ..\\..\\Library\\StdDriver\\src\\gpio.c  0x00000000   Number         0  gpio.o ABSOLUTE
    ..\\..\\Library\\StdDriver\\src\\i2c.c   0x00000000   Number         0  i2c.o ABSOLUTE
    ..\\..\\Library\\StdDriver\\src\\i2s.c   0x00000000   Number         0  i2s.o ABSOLUTE
    ..\\..\\Library\\StdDriver\\src\\pdma.c  0x00000000   Number         0  pdma.o ABSOLUTE
    ..\\..\\Library\\StdDriver\\src\\pwm.c   0x00000000   Number         0  pwm.o ABSOLUTE
    ..\\..\\Library\\StdDriver\\src\\retarget.c 0x00000000   Number         0  retarget.o ABSOLUTE
    ..\\..\\Library\\StdDriver\\src\\rtc.c   0x00000000   Number         0  rtc.o ABSOLUTE
    ..\\..\\Library\\StdDriver\\src\\spi.c   0x00000000   Number         0  spi.o ABSOLUTE
    ..\\..\\Library\\StdDriver\\src\\sys.c   0x00000000   Number         0  sys.o ABSOLUTE
    ..\\..\\Library\\StdDriver\\src\\timer.c 0x00000000   Number         0  timer.o ABSOLUTE
    ..\\..\\Library\\StdDriver\\src\\uart.c  0x00000000   Number         0  uart.o ABSOLUTE
    ..\\..\\Library\\StdDriver\\src\\usbd.c  0x00000000   Number         0  usbd.o ABSOLUTE
    ..\\..\\Library\\StdDriver\\src\\vad.c   0x00000000   Number         0  vad.o ABSOLUTE
    ..\\..\\Library\\StdDriver\\src\\wdt.c   0x00000000   Number         0  wdt.o ABSOLUTE
    ..\\..\\Library\\StdDriver\\src\\wwdt.c  0x00000000   Number         0  wwdt.o ABSOLUTE
    ..\\NAU88L21_LIB\\NAU88L21_LIB.c         0x00000000   Number         0  nau88l21_lib.o ABSOLUTE
    ..\\SysClk.c                             0x00000000   Number         0  sysclk.o ABSOLUTE
    ..\\USBD\\audio_class.c                  0x00000000   Number         0  audio_class.o ABSOLUTE
    ..\\USBD\\audio_descriptor.c             0x00000000   Number         0  audio_descriptor.o ABSOLUTE
    ..\\main.c                               0x00000000   Number         0  main.o ABSOLUTE
    ..\main.c                                0x00000000   Number         0  main.o ABSOLUTE
    startup_I94100.s                         0x00000000   Number         0  startup_i94100.o ABSOLUTE
    !!!main                                  0x00000154   Section        8  __main.o(!!!main)
    !!!scatter                               0x0000015c   Section       52  __scatter.o(!!!scatter)
    !!handler_copy                           0x00000190   Section       26  __scatter_copy.o(!!handler_copy)
    !!handler_zi                             0x000001ac   Section       28  __scatter_zi.o(!!handler_zi)
    .ARM.Collect$$_printf_percent$$00000000  0x000001c8   Section        0  _printf_percent.o(.ARM.Collect$$_printf_percent$$00000000)
    .ARM.Collect$$_printf_percent$$0000000C  0x000001c8   Section        6  _printf_x.o(.ARM.Collect$$_printf_percent$$0000000C)
    .ARM.Collect$$_printf_percent$$00000017  0x000001ce   Section        4  _printf_percent_end.o(.ARM.Collect$$_printf_percent$$00000017)
    .ARM.Collect$$libinit$$00000000          0x000001d2   Section        2  libinit.o(.ARM.Collect$$libinit$$00000000)
    .ARM.Collect$$libinit$$00000001          0x000001d4   Section        4  libinit2.o(.ARM.Collect$$libinit$$00000001)
    .ARM.Collect$$libinit$$00000004          0x000001d8   Section        0  libinit2.o(.ARM.Collect$$libinit$$00000004)
    .ARM.Collect$$libinit$$0000000A          0x000001d8   Section        0  libinit2.o(.ARM.Collect$$libinit$$0000000A)
    .ARM.Collect$$libinit$$0000000C          0x000001d8   Section        0  libinit2.o(.ARM.Collect$$libinit$$0000000C)
    .ARM.Collect$$libinit$$0000000E          0x000001d8   Section        0  libinit2.o(.ARM.Collect$$libinit$$0000000E)
    .ARM.Collect$$libinit$$00000011          0x000001d8   Section        0  libinit2.o(.ARM.Collect$$libinit$$00000011)
    .ARM.Collect$$libinit$$00000013          0x000001d8   Section        0  libinit2.o(.ARM.Collect$$libinit$$00000013)
    .ARM.Collect$$libinit$$00000015          0x000001d8   Section        0  libinit2.o(.ARM.Collect$$libinit$$00000015)
    .ARM.Collect$$libinit$$00000017          0x000001d8   Section        0  libinit2.o(.ARM.Collect$$libinit$$00000017)
    .ARM.Collect$$libinit$$00000019          0x000001d8   Section        0  libinit2.o(.ARM.Collect$$libinit$$00000019)
    .ARM.Collect$$libinit$$0000001B          0x000001d8   Section        0  libinit2.o(.ARM.Collect$$libinit$$0000001B)
    .ARM.Collect$$libinit$$0000001D          0x000001d8   Section        0  libinit2.o(.ARM.Collect$$libinit$$0000001D)
    .ARM.Collect$$libinit$$0000001F          0x000001d8   Section        0  libinit2.o(.ARM.Collect$$libinit$$0000001F)
    .ARM.Collect$$libinit$$00000021          0x000001d8   Section        0  libinit2.o(.ARM.Collect$$libinit$$00000021)
    .ARM.Collect$$libinit$$00000023          0x000001d8   Section        0  libinit2.o(.ARM.Collect$$libinit$$00000023)
    .ARM.Collect$$libinit$$00000025          0x000001d8   Section        0  libinit2.o(.ARM.Collect$$libinit$$00000025)
    .ARM.Collect$$libinit$$0000002C          0x000001d8   Section        0  libinit2.o(.ARM.Collect$$libinit$$0000002C)
    .ARM.Collect$$libinit$$0000002E          0x000001d8   Section        0  libinit2.o(.ARM.Collect$$libinit$$0000002E)
    .ARM.Collect$$libinit$$00000030          0x000001d8   Section        0  libinit2.o(.ARM.Collect$$libinit$$00000030)
    .ARM.Collect$$libinit$$00000032          0x000001d8   Section        0  libinit2.o(.ARM.Collect$$libinit$$00000032)
    .ARM.Collect$$libinit$$00000033          0x000001d8   Section        2  libinit2.o(.ARM.Collect$$libinit$$00000033)
    .ARM.Collect$$libshutdown$$00000000      0x000001da   Section        2  libshutdown.o(.ARM.Collect$$libshutdown$$00000000)
    .ARM.Collect$$libshutdown$$00000002      0x000001dc   Section        0  libshutdown2.o(.ARM.Collect$$libshutdown$$00000002)
    .ARM.Collect$$libshutdown$$00000004      0x000001dc   Section        0  libshutdown2.o(.ARM.Collect$$libshutdown$$00000004)
    .ARM.Collect$$libshutdown$$00000007      0x000001dc   Section        0  libshutdown2.o(.ARM.Collect$$libshutdown$$00000007)
    .ARM.Collect$$libshutdown$$0000000A      0x000001dc   Section        0  libshutdown2.o(.ARM.Collect$$libshutdown$$0000000A)
    .ARM.Collect$$libshutdown$$0000000C      0x000001dc   Section        0  libshutdown2.o(.ARM.Collect$$libshutdown$$0000000C)
    .ARM.Collect$$libshutdown$$0000000F      0x000001dc   Section        0  libshutdown2.o(.ARM.Collect$$libshutdown$$0000000F)
    .ARM.Collect$$libshutdown$$00000010      0x000001dc   Section        2  libshutdown2.o(.ARM.Collect$$libshutdown$$00000010)
    .ARM.Collect$$rtentry$$00000000          0x000001de   Section        0  __rtentry.o(.ARM.Collect$$rtentry$$00000000)
    .ARM.Collect$$rtentry$$00000002          0x000001de   Section        0  __rtentry2.o(.ARM.Collect$$rtentry$$00000002)
    .ARM.Collect$$rtentry$$00000004          0x000001de   Section        6  __rtentry4.o(.ARM.Collect$$rtentry$$00000004)
    .ARM.Collect$$rtentry$$00000009          0x000001e4   Section        0  __rtentry2.o(.ARM.Collect$$rtentry$$00000009)
    .ARM.Collect$$rtentry$$0000000A          0x000001e4   Section        4  __rtentry2.o(.ARM.Collect$$rtentry$$0000000A)
    .ARM.Collect$$rtentry$$0000000C          0x000001e8   Section        0  __rtentry2.o(.ARM.Collect$$rtentry$$0000000C)
    .ARM.Collect$$rtentry$$0000000D          0x000001e8   Section        8  __rtentry2.o(.ARM.Collect$$rtentry$$0000000D)
    .ARM.Collect$$rtexit$$00000000           0x000001f0   Section        2  rtexit.o(.ARM.Collect$$rtexit$$00000000)
    .ARM.Collect$$rtexit$$00000002           0x000001f2   Section        0  rtexit2.o(.ARM.Collect$$rtexit$$00000002)
    .ARM.Collect$$rtexit$$00000003           0x000001f2   Section        4  rtexit2.o(.ARM.Collect$$rtexit$$00000003)
    .ARM.Collect$$rtexit$$00000004           0x000001f6   Section        6  rtexit2.o(.ARM.Collect$$rtexit$$00000004)
    .text                                    0x000001fc   Section       64  startup_i94100.o(.text)
    $v0                                      0x000001fc   Number         0  startup_i94100.o(.text)
    Default_Handler                          0x0000021b   Thumb Code     2  startup_i94100.o(.text)
    .text                                    0x0000023c   Section        0  system_i94100.o(.text)
    CLK_GetPLLClockFreq                      0x000002d7   Thumb Code   100  system_i94100.o(.text)
    .text                                    0x00000368   Section        0  sysclk.o(.text)
    NVIC_SetPriority                         0x00000369   Thumb Code    32  sysclk.o(.text)
    NVIC_EnableIRQ                           0x000005ab   Thumb Code    22  sysclk.o(.text)
    .text                                    0x000005f0   Section        0  main.o(.text)
    .text                                    0x0000060c   Section        0  audio_class.o(.text)
    USBD_SetStall                            0x0000060d   Thumb Code    52  audio_class.o(.text)
    .text                                    0x00001314   Section        0  nau88l21_lib.o(.text)
    NVIC_EnableIRQ                           0x0000198b   Thumb Code    22  nau88l21_lib.o(.text)
    .text                                    0x000019d8   Section        0  clk.o(.text)
    CLK_GetPLLClockFreq                      0x00002079   Thumb Code   102  clk.o(.text)
    .text                                    0x000020f8   Section        0  gpio.o(.text)
    .text                                    0x000021a8   Section        0  i2c.o(.text)
    .text                                    0x0000248c   Section        0  i2s.o(.text)
    I2S_GetSourceClockFreq                   0x0000248d   Thumb Code   134  i2s.o(.text)
    CLK_GetPLLClockFreq                      0x000026a5   Thumb Code   102  i2s.o(.text)
    .text                                    0x0000272c   Section        0  pdma.o(.text)
    .text                                    0x00002aac   Section        0  retarget.o(.text)
    stackDump                                0x00002aad   Thumb Code    70  retarget.o(.text)
    .text                                    0x00002c14   Section        0  sys.o(.text)
    .text                                    0x00002d7c   Section        0  timer.o(.text)
    .text                                    0x00002fcc   Section        0  usbd.o(.text)
    USBD_MemCopy                             0x00002fcd   Thumb Code    22  usbd.o(.text)
    .text                                    0x000038e4   Section        0  noretval__2printf.o(.text)
    .text                                    0x000038fc   Section        0  _printf_pad.o(.text)
    .text                                    0x0000394c   Section        0  _printf_hex_int.o(.text)
    .text                                    0x000039a4   Section        0  __printf_flags_wp.o(.text)
    .text                                    0x00003adc   Section        0  puts.o(.text)
    .text                                    0x00003b08   Section        0  heapauxi.o(.text)
    .text                                    0x00003b0e   Section        0  _printf_intcommon.o(.text)
    .text                                    0x00003bc0   Section        0  _printf_char_file.o(.text)
    .text                                    0x00003be4   Section        0  _printf_char_common.o(.text)
    _printf_input_char                       0x00003be5   Thumb Code    10  _printf_char_common.o(.text)
    .text                                    0x00003c14   Section       74  sys_stackheap_outer.o(.text)
    .text                                    0x00003c5e   Section        0  exit.o(.text)
    .text                                    0x00003c70   Section        8  libspace.o(.text)
    .text                                    0x00003c78   Section        0  sys_exit.o(.text)
    .text                                    0x00003c84   Section        2  use_no_semi.o(.text)
    .text                                    0x00003c86   Section        0  indicate_semi.o(.text)
    i._is_digit                              0x00003c86   Section        0  __printf_wp.o(i._is_digit)
    x$fpl$fpinit                             0x00003c94   Section       10  fpinit.o(x$fpl$fpinit)
    $v0                                      0x00003c94   Number         0  fpinit.o(x$fpl$fpinit)
    .constdata                               0x00003ca0   Section      408  audio_descriptor.o(.constdata)
    .constdata                               0x00003e38   Section       16  pdma.o(.constdata)
    .constdata                               0x00003e48   Section       40  _printf_hex_int.o(.constdata)
    uc_hextab                                0x00003e48   Data          20  _printf_hex_int.o(.constdata)
    lc_hextab                                0x00003e5c   Data          20  _printf_hex_int.o(.constdata)
    .constdata                               0x00003e70   Section       17  __printf_flags_wp.o(.constdata)
    maptable                                 0x00003e70   Data          17  __printf_flags_wp.o(.constdata)
    .data                                    0x20000000   Section       44  system_i94100.o(.data)
    .data                                    0x2000002c   Section        1  sysclk.o(.data)
    u8Count                                  0x2000002c   Data           1  sysclk.o(.data)
    .data                                    0x20000030   Section       76  audio_class.o(.data)
    g_u32SpeakerByteCount                    0x2000003c   Data           4  audio_class.o(.data)
    g_u32SpeakerByteCountRec                 0x20000040   Data           4  audio_class.o(.data)
    g_u8AudioSpeakerDebounce                 0x20000044   Data           1  audio_class.o(.data)
    g_u8AudioSpeakerPause                    0x20000045   Data           1  audio_class.o(.data)
    .data                                    0x2000007c   Section       80  audio_descriptor.o(.data)
    .data                                    0x200000cc   Section      136  nau88l21_lib.o(.data)
    .data                                    0x20000154   Section        8  retarget.o(.data)
    .data                                    0x2000015c   Section       77  usbd.o(.data)
    g_usbd_CtrlInPointer                     0x20000168   Data           4  usbd.o(.data)
    g_usbd_CtrlInSize                        0x2000016c   Data           4  usbd.o(.data)
    g_usbd_CtrlOutPointer                    0x20000170   Data           4  usbd.o(.data)
    g_usbd_CtrlOutSize                       0x20000174   Data           4  usbd.o(.data)
    g_usbd_CtrlOutSizeLimit                  0x20000178   Data           4  usbd.o(.data)
    g_usbd_UsbAddr                           0x2000017c   Data           4  usbd.o(.data)
    g_usbd_UsbConfig                         0x20000180   Data           4  usbd.o(.data)
    g_usbd_CtrlMaxPktSize                    0x20000184   Data           4  usbd.o(.data)
    g_usbd_UsbAltInterface                   0x20000188   Data           4  usbd.o(.data)
    g_usbd_CtrlInSizeZeroFlag                0x2000018c   Data           1  usbd.o(.data)
    u8ZeroFlag                               0x200001a8   Data           1  usbd.o(.data)
    .bss                                     0x200001ac   Section     5376  audio_class.o(.bss)
    .bss                                     0x200016ac   Section       76  nau88l21_lib.o(.bss)
    .bss                                     0x200016f8   Section       96  libspace.o(.bss)
    HEAP                                     0x20001758   Section        0  startup_i94100.o(HEAP)
    STACK                                    0x20001758   Section     4096  startup_i94100.o(STACK)
    Heap_Mem                                 0x20001758   Data           0  startup_i94100.o(HEAP)
    Stack_Mem                                0x20001758   Data        4096  startup_i94100.o(STACK)
    __initial_sp                             0x20002758   Data           0  startup_i94100.o(STACK)

    Global Symbols

    Symbol Name                              Value     Ov Type        Size  Object(Section)

    BuildAttributes$$THM_ISAv4$E$P$D$K$B$S$7EM$VFPi3$EXTD16$VFPS$VFMA$PE$A:L22UL41UL21$X:L11$S22US41US21$IEEE1$IW$USESV6$~STKCKD$USESV7$~SHL$OSPACE$ROPI$EBA8$UX$STANDARDLIB$REQ8$PRES8$EABIv2 0x00000000   Number         0  anon$$obj.o ABSOLUTE
    __ARM_use_no_argv                        0x00000000   Number         0  main.o ABSOLUTE
    __Vectors                                0x00000000   Data           4  startup_i94100.o(RESET)
    _printf_flags                            0x00000000   Number         0  printf_stubs.o ABSOLUTE
    _printf_return_value                     0x00000000   Number         0  printf_stubs.o ABSOLUTE
    _printf_sizespec                         0x00000000   Number         0  printf_stubs.o ABSOLUTE
    _printf_widthprec                        0x00000000   Number         0  printf_stubs.o ABSOLUTE
    __ARM_exceptions_init                     - Undefined Weak Reference
    __alloca_initialize                       - Undefined Weak Reference
    __arm_preinit_                            - Undefined Weak Reference
    __cpp_initialize__aeabi_                  - Undefined Weak Reference
    __cxa_finalize                            - Undefined Weak Reference
    __rt_locale                               - Undefined Weak Reference
    __sigvec_lookup                           - Undefined Weak Reference
    _atexit_init                              - Undefined Weak Reference
    _call_atexit_fns                          - Undefined Weak Reference
    _clock_init                               - Undefined Weak Reference
    _fp_trap_init                             - Undefined Weak Reference
    _fp_trap_shutdown                         - Undefined Weak Reference
    _get_lc_collate                           - Undefined Weak Reference
    _get_lc_ctype                             - Undefined Weak Reference
    _get_lc_monetary                          - Undefined Weak Reference
    _get_lc_numeric                           - Undefined Weak Reference
    _get_lc_time                              - Undefined Weak Reference
    _getenv_init                              - Undefined Weak Reference
    _handle_redirection                       - Undefined Weak Reference
    _init_alloc                               - Undefined Weak Reference
    _init_user_alloc                          - Undefined Weak Reference
    _initio                                   - Undefined Weak Reference
    _printf_truncate_unsigned                 - Undefined Weak Reference
    _rand_init                                - Undefined Weak Reference
    _signal_finish                            - Undefined Weak Reference
    _signal_init                              - Undefined Weak Reference
    _terminate_alloc                          - Undefined Weak Reference
    _terminate_user_alloc                     - Undefined Weak Reference
    _terminateio                              - Undefined Weak Reference
    __Vectors_End                            0x00000154   Data           0  startup_i94100.o(RESET)
    __Vectors_Size                           0x00000154   Number         0  startup_i94100.o ABSOLUTE
    __main                                   0x00000155   Thumb Code     8  __main.o(!!!main)
    __scatterload                            0x0000015d   Thumb Code     0  __scatter.o(!!!scatter)
    __scatterload_rt2                        0x0000015d   Thumb Code    44  __scatter.o(!!!scatter)
    __scatterload_rt2_thumb_only             0x0000015d   Thumb Code     0  __scatter.o(!!!scatter)
    __scatterload_null                       0x0000016b   Thumb Code     0  __scatter.o(!!!scatter)
    __scatterload_copy                       0x00000191   Thumb Code    26  __scatter_copy.o(!!handler_copy)
    __scatterload_zeroinit                   0x000001ad   Thumb Code    28  __scatter_zi.o(!!handler_zi)
    _printf_percent                          0x000001c9   Thumb Code     0  _printf_percent.o(.ARM.Collect$$_printf_percent$$00000000)
    _printf_x                                0x000001c9   Thumb Code     0  _printf_x.o(.ARM.Collect$$_printf_percent$$0000000C)
    _printf_percent_end                      0x000001cf   Thumb Code     0  _printf_percent_end.o(.ARM.Collect$$_printf_percent$$00000017)
    __rt_lib_init                            0x000001d3   Thumb Code     0  libinit.o(.ARM.Collect$$libinit$$00000000)
    __rt_lib_init_fp_1                       0x000001d5   Thumb Code     0  libinit2.o(.ARM.Collect$$libinit$$00000001)
    __rt_lib_init_alloca_1                   0x000001d9   Thumb Code     0  libinit2.o(.ARM.Collect$$libinit$$0000002E)
    __rt_lib_init_argv_1                     0x000001d9   Thumb Code     0  libinit2.o(.ARM.Collect$$libinit$$0000002C)
    __rt_lib_init_atexit_1                   0x000001d9   Thumb Code     0  libinit2.o(.ARM.Collect$$libinit$$0000001B)
    __rt_lib_init_clock_1                    0x000001d9   Thumb Code     0  libinit2.o(.ARM.Collect$$libinit$$00000021)
    __rt_lib_init_cpp_1                      0x000001d9   Thumb Code     0  libinit2.o(.ARM.Collect$$libinit$$00000032)
    __rt_lib_init_exceptions_1               0x000001d9   Thumb Code     0  libinit2.o(.ARM.Collect$$libinit$$00000030)
    __rt_lib_init_fp_trap_1                  0x000001d9   Thumb Code     0  libinit2.o(.ARM.Collect$$libinit$$0000001F)
    __rt_lib_init_getenv_1                   0x000001d9   Thumb Code     0  libinit2.o(.ARM.Collect$$libinit$$00000023)
    __rt_lib_init_heap_1                     0x000001d9   Thumb Code     0  libinit2.o(.ARM.Collect$$libinit$$0000000A)
    __rt_lib_init_lc_collate_1               0x000001d9   Thumb Code     0  libinit2.o(.ARM.Collect$$libinit$$00000011)
    __rt_lib_init_lc_ctype_1                 0x000001d9   Thumb Code     0  libinit2.o(.ARM.Collect$$libinit$$00000013)
    __rt_lib_init_lc_monetary_1              0x000001d9   Thumb Code     0  libinit2.o(.ARM.Collect$$libinit$$00000015)
    __rt_lib_init_lc_numeric_1               0x000001d9   Thumb Code     0  libinit2.o(.ARM.Collect$$libinit$$00000017)
    __rt_lib_init_lc_time_1                  0x000001d9   Thumb Code     0  libinit2.o(.ARM.Collect$$libinit$$00000019)
    __rt_lib_init_preinit_1                  0x000001d9   Thumb Code     0  libinit2.o(.ARM.Collect$$libinit$$00000004)
    __rt_lib_init_rand_1                     0x000001d9   Thumb Code     0  libinit2.o(.ARM.Collect$$libinit$$0000000E)
    __rt_lib_init_return                     0x000001d9   Thumb Code     0  libinit2.o(.ARM.Collect$$libinit$$00000033)
    __rt_lib_init_signal_1                   0x000001d9   Thumb Code     0  libinit2.o(.ARM.Collect$$libinit$$0000001D)
    __rt_lib_init_stdio_1                    0x000001d9   Thumb Code     0  libinit2.o(.ARM.Collect$$libinit$$00000025)
    __rt_lib_init_user_alloc_1               0x000001d9   Thumb Code     0  libinit2.o(.ARM.Collect$$libinit$$0000000C)
    __rt_lib_shutdown                        0x000001db   Thumb Code     0  libshutdown.o(.ARM.Collect$$libshutdown$$00000000)
    __rt_lib_shutdown_cpp_1                  0x000001dd   Thumb Code     0  libshutdown2.o(.ARM.Collect$$libshutdown$$00000002)
    __rt_lib_shutdown_fp_trap_1              0x000001dd   Thumb Code     0  libshutdown2.o(.ARM.Collect$$libshutdown$$00000007)
    __rt_lib_shutdown_heap_1                 0x000001dd   Thumb Code     0  libshutdown2.o(.ARM.Collect$$libshutdown$$0000000F)
    __rt_lib_shutdown_return                 0x000001dd   Thumb Code     0  libshutdown2.o(.ARM.Collect$$libshutdown$$00000010)
    __rt_lib_shutdown_signal_1               0x000001dd   Thumb Code     0  libshutdown2.o(.ARM.Collect$$libshutdown$$0000000A)
    __rt_lib_shutdown_stdio_1                0x000001dd   Thumb Code     0  libshutdown2.o(.ARM.Collect$$libshutdown$$00000004)
    __rt_lib_shutdown_user_alloc_1           0x000001dd   Thumb Code     0  libshutdown2.o(.ARM.Collect$$libshutdown$$0000000C)
    __rt_entry                               0x000001df   Thumb Code     0  __rtentry.o(.ARM.Collect$$rtentry$$00000000)
    __rt_entry_presh_1                       0x000001df   Thumb Code     0  __rtentry2.o(.ARM.Collect$$rtentry$$00000002)
    __rt_entry_sh                            0x000001df   Thumb Code     0  __rtentry4.o(.ARM.Collect$$rtentry$$00000004)
    __rt_entry_li                            0x000001e5   Thumb Code     0  __rtentry2.o(.ARM.Collect$$rtentry$$0000000A)
    __rt_entry_postsh_1                      0x000001e5   Thumb Code     0  __rtentry2.o(.ARM.Collect$$rtentry$$00000009)
    __rt_entry_main                          0x000001e9   Thumb Code     0  __rtentry2.o(.ARM.Collect$$rtentry$$0000000D)
    __rt_entry_postli_1                      0x000001e9   Thumb Code     0  __rtentry2.o(.ARM.Collect$$rtentry$$0000000C)
    __rt_exit                                0x000001f1   Thumb Code     0  rtexit.o(.ARM.Collect$$rtexit$$00000000)
    __rt_exit_ls                             0x000001f3   Thumb Code     0  rtexit2.o(.ARM.Collect$$rtexit$$00000003)
    __rt_exit_prels_1                        0x000001f3   Thumb Code     0  rtexit2.o(.ARM.Collect$$rtexit$$00000002)
    __rt_exit_exit                           0x000001f7   Thumb Code     0  rtexit2.o(.ARM.Collect$$rtexit$$00000004)
    Reset_Handler                            0x000001fd   Thumb Code    12  startup_i94100.o(.text)
    NMI_Handler                              0x00000209   Thumb Code     2  startup_i94100.o(.text)
    HardFault_Handler                        0x0000020b   Thumb Code     2  startup_i94100.o(.text)
    MemManage_Handler                        0x0000020d   Thumb Code     2  startup_i94100.o(.text)
    BusFault_Handler                         0x0000020f   Thumb Code     2  startup_i94100.o(.text)
    UsageFault_Handler                       0x00000211   Thumb Code     2  startup_i94100.o(.text)
    SVC_Handler                              0x00000213   Thumb Code     2  startup_i94100.o(.text)
    DebugMon_Handler                         0x00000215   Thumb Code     2  startup_i94100.o(.text)
    PendSV_Handler                           0x00000217   Thumb Code     2  startup_i94100.o(.text)
    BOD_IRQHandler                           0x0000021b   Thumb Code     0  startup_i94100.o(.text)
    CLKF_IRQHandler                          0x0000021b   Thumb Code     0  startup_i94100.o(.text)
    DMIC_IRQHandler                          0x0000021b   Thumb Code     0  startup_i94100.o(.text)
    DPWM_IRQHandler                          0x0000021b   Thumb Code     0  startup_i94100.o(.text)
    EADC0_IRQHandler                         0x0000021b   Thumb Code     0  startup_i94100.o(.text)
    EADC1_IRQHandler                         0x0000021b   Thumb Code     0  startup_i94100.o(.text)
    EADC2_IRQHandler                         0x0000021b   Thumb Code     0  startup_i94100.o(.text)
    EADC3_IRQHandler                         0x0000021b   Thumb Code     0  startup_i94100.o(.text)
    EINT0_IRQHandler                         0x0000021b   Thumb Code     0  startup_i94100.o(.text)
    EINT1_IRQHandler                         0x0000021b   Thumb Code     0  startup_i94100.o(.text)
    EINT2_IRQHandler                         0x0000021b   Thumb Code     0  startup_i94100.o(.text)
    EINT3_IRQHandler                         0x0000021b   Thumb Code     0  startup_i94100.o(.text)
    EINT4_IRQHandler                         0x0000021b   Thumb Code     0  startup_i94100.o(.text)
    EINT5_IRQHandler                         0x0000021b   Thumb Code     0  startup_i94100.o(.text)
    GPA_IRQHandler                           0x0000021b   Thumb Code     0  startup_i94100.o(.text)
    GPB_IRQHandler                           0x0000021b   Thumb Code     0  startup_i94100.o(.text)
    GPC_IRQHandler                           0x0000021b   Thumb Code     0  startup_i94100.o(.text)
    GPD_IRQHandler                           0x0000021b   Thumb Code     0  startup_i94100.o(.text)
    I2C0_IRQHandler                          0x0000021b   Thumb Code     0  startup_i94100.o(.text)
    I2S0_IRQHandler                          0x0000021b   Thumb Code     0  startup_i94100.o(.text)
    PWM0P0_IRQHandler                        0x0000021b   Thumb Code     0  startup_i94100.o(.text)
    PWM0P1_IRQHandler                        0x0000021b   Thumb Code     0  startup_i94100.o(.text)
    PWM0P2_IRQHandler                        0x0000021b   Thumb Code     0  startup_i94100.o(.text)
    PWRWU_IRQHandler                         0x0000021b   Thumb Code     0  startup_i94100.o(.text)
    RTC_IRQHandler                           0x0000021b   Thumb Code     0  startup_i94100.o(.text)
    SPI0_IRQHandler                          0x0000021b   Thumb Code     0  startup_i94100.o(.text)
    SPI1_IRQHandler                          0x0000021b   Thumb Code     0  startup_i94100.o(.text)
    SPI2_IRQHandler                          0x0000021b   Thumb Code     0  startup_i94100.o(.text)
    SRAMF_IRQHandler                         0x0000021b   Thumb Code     0  startup_i94100.o(.text)
    TMR1_IRQHandler                          0x0000021b   Thumb Code     0  startup_i94100.o(.text)
    TMR2_IRQHandler                          0x0000021b   Thumb Code     0  startup_i94100.o(.text)
    TMR3_IRQHandler                          0x0000021b   Thumb Code     0  startup_i94100.o(.text)
    UART0_IRQHandler                         0x0000021b   Thumb Code     0  startup_i94100.o(.text)
    VAD_IRQHandler                           0x0000021b   Thumb Code     0  startup_i94100.o(.text)
    WDT_IRQHandler                           0x0000021b   Thumb Code     0  startup_i94100.o(.text)
    WWDT_IRQHandler                          0x0000021b   Thumb Code     0  startup_i94100.o(.text)
    __user_initial_stackheap                 0x0000021d   Thumb Code    10  startup_i94100.o(.text)
    SystemCoreClockUpdate                    0x0000023d   Thumb Code   104  system_i94100.o(.text)
    SystemInit                               0x000002a5   Thumb Code    50  system_i94100.o(.text)
    Systick_Init                             0x00000389   Thumb Code    70  sysclk.o(.text)
    HIRC_AutoTrim_Init                       0x000003cf   Thumb Code   152  sysclk.o(.text)
    SysClk_Initiate                          0x00000467   Thumb Code   100  sysclk.o(.text)
    IRC_IRQHandler                           0x000004cb   Thumb Code    62  sysclk.o(.text)
    TMR0_IRQHandler                          0x00000509   Thumb Code    76  sysclk.o(.text)
    HIRC_AutoTrim_RefSof                     0x00000555   Thumb Code    44  sysclk.o(.text)
    SysTick_Handler                          0x00000581   Thumb Code    18  sysclk.o(.text)
    DELAYMS                                  0x00000593   Thumb Code    24  sysclk.o(.text)
    main                                     0x000005f1   Thumb Code    28  main.o(.text)
    AUDIO_Init                               0x00000641   Thumb Code   114  audio_class.o(.text)
    AUDIO_SetInterface                       0x000006b3   Thumb Code   144  audio_class.o(.text)
    AUDIO_ClassRequest                       0x00000743   Thumb Code  1560  audio_class.o(.text)
    USBD_INIT                                0x00000d5b   Thumb Code    90  audio_class.o(.text)
    EP7_Handler                              0x00000db5   Thumb Code     2  audio_class.o(.text)
    EP6_Handler                              0x00000db7   Thumb Code     2  audio_class.o(.text)
    EP4_Handler                              0x00000db9   Thumb Code   164  audio_class.o(.text)
    EP3_Handler                              0x00000e5d   Thumb Code   496  audio_class.o(.text)
    EP2_Handler                              0x0000104d   Thumb Code   218  audio_class.o(.text)
    USBD_IRQHandler                          0x00001127   Thumb Code   420  audio_class.o(.text)
    EP5_Handler                              0x000012cb   Thumb Code     2  audio_class.o(.text)
    NAU88L21_INIT                            0x00001315   Thumb Code   134  nau88l21_lib.o(.text)
    I2C1_INIT                                0x0000139b   Thumb Code   108  nau88l21_lib.o(.text)
    I2C1_IRQHandler                          0x00001407   Thumb Code   244  nau88l21_lib.o(.text)
    I2S_INIT                                 0x000014fb   Thumb Code   164  nau88l21_lib.o(.text)
    I2S_TX_Start                             0x0000159f   Thumb Code    34  nau88l21_lib.o(.text)
    I2S_TX_Stop                              0x000015c1   Thumb Code    34  nau88l21_lib.o(.text)
    I2S_RX_Start                             0x000015e3   Thumb Code    34  nau88l21_lib.o(.text)
    I2S_RX_Stop                              0x00001605   Thumb Code    38  nau88l21_lib.o(.text)
    PDMA_I2S0_TX_Init                        0x0000162b   Thumb Code   106  nau88l21_lib.o(.text)
    PDMA_I2S0_RX_Init                        0x00001695   Thumb Code   224  nau88l21_lib.o(.text)
    PDMA_IRQHandler                          0x00001775   Thumb Code   534  nau88l21_lib.o(.text)
    CLK_DisableCKO                           0x000019d9   Thumb Code    18  clk.o(.text)
    CLK_EnableCKO                            0x000019eb   Thumb Code    56  clk.o(.text)
    CLK_PowerDown                            0x00001a23   Thumb Code    32  clk.o(.text)
    CLK_Idle                                 0x00001a43   Thumb Code    32  clk.o(.text)
    CLK_GetHXTFreq                           0x00001a63   Thumb Code    20  clk.o(.text)
    CLK_GetLXTFreq                           0x00001a77   Thumb Code    22  clk.o(.text)
    CLK_GetPCLK0Freq                         0x00001a8d   Thumb Code   120  clk.o(.text)
    CLK_GetPCLK1Freq                         0x00001b05   Thumb Code   120  clk.o(.text)
    CLK_GetHCLKFreq                          0x00001b7d   Thumb Code    12  clk.o(.text)
    CLK_GetCPUFreq                           0x00001b89   Thumb Code    12  clk.o(.text)
    CLK_WaitClockReady                       0x00001b95   Thumb Code    34  clk.o(.text)
    CLK_SetHCLK                              0x00001bb7   Thumb Code   120  clk.o(.text)
    CLK_DisablePLL                           0x00001c2f   Thumb Code    38  clk.o(.text)
    CLK_EnablePLL                            0x00001c55   Thumb Code   344  clk.o(.text)
    CLK_SetCoreClock                         0x00001dad   Thumb Code   194  clk.o(.text)
    CLK_SetPCLKDivider                       0x00001e6f   Thumb Code   100  clk.o(.text)
    CLK_SetModuleClock                       0x00001ed3   Thumb Code   104  clk.o(.text)
    CLK_SetSysTickClockSrc                   0x00001f3b   Thumb Code    22  clk.o(.text)
    CLK_EnableXtalRC                         0x00001f51   Thumb Code    18  clk.o(.text)
    CLK_DisableXtalRC                        0x00001f63   Thumb Code    18  clk.o(.text)
    CLK_EnableModuleClock                    0x00001f75   Thumb Code    44  clk.o(.text)
    CLK_DisableModuleClock                   0x00001fa1   Thumb Code    44  clk.o(.text)
    CLK_EnableSysTick                        0x00001fcd   Thumb Code    70  clk.o(.text)
    CLK_DisableSysTick                       0x00002013   Thumb Code    10  clk.o(.text)
    CLK_SetPowerDownMode                     0x0000201d   Thumb Code    22  clk.o(.text)
    CLK_GetPMUWKSrc                          0x00002033   Thumb Code     8  clk.o(.text)
    CLK_EnableSPDWKPin                       0x0000203b   Thumb Code    44  clk.o(.text)
    CLK_DisableSPDWKPin                      0x00002067   Thumb Code    18  clk.o(.text)
    GPIO_SetMode                             0x000020f9   Thumb Code    44  gpio.o(.text)
    GPIO_EnablePullState                     0x00002125   Thumb Code    44  gpio.o(.text)
    GPIO_DisablePullState                    0x00002151   Thumb Code    36  gpio.o(.text)
    GPIO_EnableInt                           0x00002175   Thumb Code    26  gpio.o(.text)
    GPIO_DisableInt                          0x0000218f   Thumb Code    24  gpio.o(.text)
    I2C_Open                                 0x000021a9   Thumb Code    72  i2c.o(.text)
    I2C_Close                                0x000021f1   Thumb Code    10  i2c.o(.text)
    I2C_ClearTimeoutFlag                     0x000021fb   Thumb Code    10  i2c.o(.text)
    I2C_Trigger                              0x00002205   Thumb Code    44  i2c.o(.text)
    I2C_DisableInt                           0x00002231   Thumb Code    10  i2c.o(.text)
    I2C_EnableInt                            0x0000223b   Thumb Code    10  i2c.o(.text)
    I2C_GetBusClockFreq                      0x00002245   Thumb Code    36  i2c.o(.text)
    I2C_SetBusClockFreq                      0x00002269   Thumb Code    64  i2c.o(.text)
    I2C_GetIntFlag                           0x000022a9   Thumb Code    20  i2c.o(.text)
    I2C_GetStatus                            0x000022bd   Thumb Code     6  i2c.o(.text)
    I2C_GetData                              0x000022c3   Thumb Code     8  i2c.o(.text)
    I2C_SetData                              0x000022cb   Thumb Code     4  i2c.o(.text)
    I2C_SetSlaveAddr                         0x000022cf   Thumb Code    56  i2c.o(.text)
    I2C_SetSlaveAddrMask                     0x00002307   Thumb Code    46  i2c.o(.text)
    I2C_EnableTimeout                        0x00002335   Thumb Code    30  i2c.o(.text)
    I2C_DisableTimeout                       0x00002353   Thumb Code    10  i2c.o(.text)
    I2C_EnableWakeup                         0x0000235d   Thumb Code    10  i2c.o(.text)
    I2C_DisableWakeup                        0x00002367   Thumb Code    10  i2c.o(.text)
    I2C_SMBusGetStatus                       0x00002371   Thumb Code     6  i2c.o(.text)
    I2C_SMBusClearInterruptFlag              0x00002377   Thumb Code     8  i2c.o(.text)
    I2C_SMBusSetPacketByteCount              0x0000237f   Thumb Code     4  i2c.o(.text)
    I2C_SMBusOpen                            0x00002383   Thumb Code    32  i2c.o(.text)
    I2C_SMBusClose                           0x000023a3   Thumb Code     6  i2c.o(.text)
    I2C_SMBusPECTxEnable                     0x000023a9   Thumb Code    30  i2c.o(.text)
    I2C_SMBusGetPECValue                     0x000023c7   Thumb Code     8  i2c.o(.text)
    I2C_SMBusIdleTimeout                     0x000023cf   Thumb Code    50  i2c.o(.text)
    I2C_SMBusTimeout                         0x00002401   Thumb Code    68  i2c.o(.text)
    I2C_SMBusClockLoTimeout                  0x00002445   Thumb Code    68  i2c.o(.text)
    I2S_Open                                 0x00002513   Thumb Code   278  i2s.o(.text)
    I2S_Close                                0x00002629   Thumb Code    10  i2s.o(.text)
    I2S_EnableMCLK                           0x00002633   Thumb Code   104  i2s.o(.text)
    I2S_DisableMCLK                          0x0000269b   Thumb Code    10  i2s.o(.text)
    PDMA_Open                                0x0000272d   Thumb Code    54  pdma.o(.text)
    PDMA_Close                               0x00002763   Thumb Code     8  pdma.o(.text)
    PDMA_SetTransferCnt                      0x0000276b   Thumb Code    48  pdma.o(.text)
    PDMA_SetTransferAddr                     0x0000279b   Thumb Code    62  pdma.o(.text)
    PDMA_SetTransferMode                     0x000027d9   Thumb Code   138  pdma.o(.text)
    PDMA_SetBurstType                        0x00002863   Thumb Code    44  pdma.o(.text)
    PDMA_EnableTimeout                       0x0000288f   Thumb Code    16  pdma.o(.text)
    PDMA_DisableTimeout                      0x0000289f   Thumb Code    16  pdma.o(.text)
    PDMA_SetTimeOut                          0x000028af   Thumb Code    96  pdma.o(.text)
    PDMA_Trigger                             0x0000290f   Thumb Code    12  pdma.o(.text)
    PDMA_EnableInt                           0x0000291b   Thumb Code    58  pdma.o(.text)
    PDMA_DisableInt                          0x00002955   Thumb Code    58  pdma.o(.text)
    PDMA_EnableStride                        0x0000298f   Thumb Code    48  pdma.o(.text)
    PDMA_SetStrideAddress                    0x000029bf   Thumb Code    76  pdma.o(.text)
    PDMA_SetStrideCount                      0x00002a0b   Thumb Code   146  pdma.o(.text)
    Hard_Fault_Handler                       0x00002af3   Thumb Code    18  retarget.o(.text)
    SendChar_ToUART                          0x00002b05   Thumb Code    44  retarget.o(.text)
    SendChar                                 0x00002b31   Thumb Code    12  retarget.o(.text)
    GetChar                                  0x00002b3d   Thumb Code    22  retarget.o(.text)
    kbhit                                    0x00002b53   Thumb Code    12  retarget.o(.text)
    IsDebugFifoEmpty                         0x00002b5f   Thumb Code    10  retarget.o(.text)
    _ttywrch                                 0x00002b69   Thumb Code    12  retarget.o(.text)
    fputc                                    0x00002b75   Thumb Code    16  retarget.o(.text)
    fgetc                                    0x00002b85   Thumb Code    10  retarget.o(.text)
    ferror                                   0x00002b8f   Thumb Code     8  retarget.o(.text)
    SYS_ClearResetSrc                        0x00002c15   Thumb Code    16  sys.o(.text)
    SYS_GetBODStatus                         0x00002c25   Thumb Code    12  sys.o(.text)
    SYS_GetResetSrc                          0x00002c31   Thumb Code     8  sys.o(.text)
    SYS_IsRegLocked                          0x00002c39   Thumb Code    14  sys.o(.text)
    SYS_ReadPDID                             0x00002c47   Thumb Code     8  sys.o(.text)
    SYS_ResetChip                            0x00002c4f   Thumb Code    18  sys.o(.text)
    SYS_ResetCPU                             0x00002c61   Thumb Code    18  sys.o(.text)
    SYS_ResetModule                          0x00002c73   Thumb Code    48  sys.o(.text)
    SYS_EnableBOD                            0x00002ca3   Thumb Code    42  sys.o(.text)
    SYS_DisableBOD                           0x00002ccd   Thumb Code    18  sys.o(.text)
    SYS_EnableTrimHIRC                       0x00002cdf   Thumb Code    36  sys.o(.text)
    SYS_DisableTrimHIRC                      0x00002d03   Thumb Code    20  sys.o(.text)
    SYS_LockReg                              0x00002d17   Thumb Code     8  sys.o(.text)
    SYS_UnlockReg                            0x00002d1f   Thumb Code    32  sys.o(.text)
    SYS_Lock                                 0x00002d3f   Thumb Code    10  sys.o(.text)
    SYS_Unlock                               0x00002d49   Thumb Code    48  sys.o(.text)
    TIMER_GetModuleClock                     0x00002d7d   Thumb Code   140  timer.o(.text)
    TIMER_Open                               0x00002e09   Thumb Code   112  timer.o(.text)
    TIMER_Close                              0x00002e79   Thumb Code     8  timer.o(.text)
    TIMER_Delay                              0x00002e81   Thumb Code   216  timer.o(.text)
    TIMER_EnableCapture                      0x00002f59   Thumb Code    22  timer.o(.text)
    TIMER_DisableCapture                     0x00002f6f   Thumb Code    10  timer.o(.text)
    TIMER_EnableEventCounter                 0x00002f79   Thumb Code    20  timer.o(.text)
    TIMER_DisableEventCounter                0x00002f8d   Thumb Code    10  timer.o(.text)
    USBD_Open                                0x00002fe3   Thumb Code    88  usbd.o(.text)
    USBD_START                               0x0000303b   Thumb Code    98  usbd.o(.text)
    USBD_GetSetupPacket                      0x0000309d   Thumb Code    16  usbd.o(.text)
    USBD_PrepareCtrlOut                      0x000030ad   Thumb Code    24  usbd.o(.text)
    USBD_PrepareCtrlIn                       0x000030c5   Thumb Code   142  usbd.o(.text)
    USBD_GetDescriptor                       0x00003153   Thumb Code   366  usbd.o(.text)
    USBD_StandardRequest                     0x000032c1   Thumb Code   966  usbd.o(.text)
    USBD_ProcessSetupPacket                  0x00003687   Thumb Code   104  usbd.o(.text)
    USBD_CtrlIn                              0x000036ef   Thumb Code   220  usbd.o(.text)
    USBD_CtrlOut                             0x000037cb   Thumb Code    82  usbd.o(.text)
    USBD_SwReset                             0x0000381d   Thumb Code   162  usbd.o(.text)
    USBD_SetVendorRequest                    0x000038bf   Thumb Code     6  usbd.o(.text)
    USBD_SetConfigCallback                   0x000038c5   Thumb Code     6  usbd.o(.text)
    USBD_LockEpStall                         0x000038cb   Thumb Code     6  usbd.o(.text)
    __2printf                                0x000038e5   Thumb Code    20  noretval__2printf.o(.text)
    _printf_pre_padding                      0x000038fd   Thumb Code    44  _printf_pad.o(.text)
    _printf_post_padding                     0x00003929   Thumb Code    34  _printf_pad.o(.text)
    _printf_int_hex                          0x0000394d   Thumb Code    84  _printf_hex_int.o(.text)
    _printf_longlong_hex                     0x0000394d   Thumb Code     0  _printf_hex_int.o(.text)
    __printf                                 0x000039a5   Thumb Code   308  __printf_flags_wp.o(.text)
    puts                                     0x00003add   Thumb Code    40  puts.o(.text)
    __use_two_region_memory                  0x00003b09   Thumb Code     2  heapauxi.o(.text)
    __rt_heap_escrow$2region                 0x00003b0b   Thumb Code     2  heapauxi.o(.text)
    __rt_heap_expand$2region                 0x00003b0d   Thumb Code     2  heapauxi.o(.text)
    _printf_int_common                       0x00003b0f   Thumb Code   178  _printf_intcommon.o(.text)
    _printf_char_file                        0x00003bc1   Thumb Code    32  _printf_char_file.o(.text)
    _printf_char_common                      0x00003bef   Thumb Code    32  _printf_char_common.o(.text)
    __user_setup_stackheap                   0x00003c15   Thumb Code    74  sys_stackheap_outer.o(.text)
    exit                                     0x00003c5f   Thumb Code    18  exit.o(.text)
    __user_libspace                          0x00003c71   Thumb Code     8  libspace.o(.text)
    __user_perproc_libspace                  0x00003c71   Thumb Code     0  libspace.o(.text)
    __user_perthread_libspace                0x00003c71   Thumb Code     0  libspace.o(.text)
    _sys_exit                                0x00003c79   Thumb Code     8  sys_exit.o(.text)
    __I$use$semihosting                      0x00003c85   Thumb Code     0  use_no_semi.o(.text)
    __use_no_semihosting_swi                 0x00003c85   Thumb Code     2  use_no_semi.o(.text)
    __semihosting_library_function           0x00003c87   Thumb Code     0  indicate_semi.o(.text)
    _is_digit                                0x00003c87   Thumb Code    14  __printf_wp.o(i._is_digit)
    _fp_init                                 0x00003c95   Thumb Code    10  fpinit.o(x$fpl$fpinit)
    __fplib_config_fpu_vfp                   0x00003c9d   Thumb Code     0  fpinit.o(x$fpl$fpinit)
    __fplib_config_pureend_doubles           0x00003c9d   Thumb Code     0  fpinit.o(x$fpl$fpinit)
    gu8HidReportDesc                         0x00003ca0   Data          67  audio_descriptor.o(.constdata)
    gu8DeviceDescriptor                      0x00003ce3   Data          18  audio_descriptor.o(.constdata)
    gu8ConfigDescriptor                      0x00003cf5   Data         203  audio_descriptor.o(.constdata)
    gu8StringLang                            0x00003dc0   Data           4  audio_descriptor.o(.constdata)
    gu8VendorStringDesc                      0x00003dc4   Data          16  audio_descriptor.o(.constdata)
    gu8ProductStringDesc                     0x00003dd4   Data          30  audio_descriptor.o(.constdata)
    gu32UsbHidReportLen                      0x00003df4   Data          24  audio_descriptor.o(.constdata)
    gu32ConfigHidDescIdx                     0x00003e0c   Data          16  audio_descriptor.o(.constdata)
    gsInfo                                   0x00003e1c   Data          28  audio_descriptor.o(.constdata)
    Region$$Table$$Base                      0x00003e84   Number         0  anon$$obj.o(Region$$Table)
    Region$$Table$$Limit                     0x00003ea4   Number         0  anon$$obj.o(Region$$Table)
    SystemCoreClock                          0x20000000   Data           4  system_i94100.o(.data)
    CyclesPerUs                              0x20000004   Data           4  system_i94100.o(.data)
    PllClock                                 0x20000008   Data           4  system_i94100.o(.data)
    gau32ClkSrcTbl                           0x2000000c   Data          32  system_i94100.o(.data)
    g_u8AudioSpeakerState                    0x20000030   Data           1  audio_class.o(.data)
    g_u8AudioMicState                        0x20000031   Data           1  audio_class.o(.data)
    g_u32BulkBuf0                            0x20000034   Data           4  audio_class.o(.data)
    g_u32BulkBuf1                            0x20000038   Data           4  audio_class.o(.data)
    g_u8I2S0TxBuffIndex                      0x20000046   Data           1  audio_class.o(.data)
    g_u16PlayBackReadPtr                     0x20000048   Data           2  audio_class.o(.data)
    g_u16PlayBackWritePtr                    0x2000004a   Data           2  audio_class.o(.data)
    g_u16PlayBack_Ptrs_Distance              0x2000004c   Data           2  audio_class.o(.data)
    g_u16PayLoadLen                          0x2000004e   Data           2  audio_class.o(.data)
    g_u8I2S0RxBuffIndex                      0x20000050   Data           1  audio_class.o(.data)
    g_u16RecordReadPtr                       0x20000052   Data           2  audio_class.o(.data)
    g_u16RecordWritePtr                      0x20000054   Data           2  audio_class.o(.data)
    g_u16Record_Ptrs_Distance                0x20000056   Data           2  audio_class.o(.data)
    g_usbd_PlaySampleRate                    0x20000058   Data           4  audio_class.o(.data)
    g_usbd_PlayMute                          0x2000005c   Data           1  audio_class.o(.data)
    g_usbd_PlayVolumeL                       0x2000005e   Data           2  audio_class.o(.data)
    g_usbd_PlayVolumeR                       0x20000060   Data           2  audio_class.o(.data)
    g_usbd_CurPlayVolumeL                    0x20000062   Data           2  audio_class.o(.data)
    g_usbd_CurPlayVolumeR                    0x20000064   Data           2  audio_class.o(.data)
    g_usbd_PlayMaxVolume                     0x20000066   Data           2  audio_class.o(.data)
    g_usbd_PlayMinVolume                     0x20000068   Data           2  audio_class.o(.data)
    g_usbd_PlayResVolume                     0x2000006a   Data           2  audio_class.o(.data)
    g_usbd_RecMute                           0x2000006c   Data           1  audio_class.o(.data)
    g_usbd_RecVolumeL                        0x2000006e   Data           2  audio_class.o(.data)
    g_usbd_RecVolumeR                        0x20000070   Data           2  audio_class.o(.data)
    g_usbd_CurRecVolumeL                     0x20000072   Data           2  audio_class.o(.data)
    g_usbd_CurRecVolumeR                     0x20000074   Data           2  audio_class.o(.data)
    g_usbd_RecMaxVolume                      0x20000076   Data           2  audio_class.o(.data)
    g_usbd_RecMinVolume                      0x20000078   Data           2  audio_class.o(.data)
    g_usbd_RecResVolume                      0x2000007a   Data           2  audio_class.o(.data)
    gu8StringSerial                          0x2000007c   Data          26  audio_descriptor.o(.data)
    gu8BOSDescriptor                         0x20000096   Data          12  audio_descriptor.o(.data)
    gpu8UsbString                            0x200000a4   Data          16  audio_descriptor.o(.data)
    gu8UsbHidReport                          0x200000b4   Data          24  audio_descriptor.o(.data)
    g_u8CodecInit                            0x200000cc   Data           1  nau88l21_lib.o(.data)
    g_u16CodecTimeOutCnt                     0x200000ce   Data           2  nau88l21_lib.o(.data)
    NAU88L21_MIC_I2S_SPK                     0x200000d0   Data         132  nau88l21_lib.o(.data)
    __stdout                                 0x20000154   Data           4  retarget.o(.data)
    __stdin                                  0x20000158   Data           4  retarget.o(.data)
    g_usbd_SetupPacket                       0x2000015c   Data           8  usbd.o(.data)
    g_usbd_RemoteWakeupEn                    0x20000164   Data           1  usbd.o(.data)
    g_usbd_Configured                        0x20000165   Data           1  usbd.o(.data)
    g_usbd_sInfo                             0x20000190   Data           4  usbd.o(.data)
    g_usbd_pfnVendorRequest                  0x20000194   Data           4  usbd.o(.data)
    g_usbd_pfnClassRequest                   0x20000198   Data           4  usbd.o(.data)
    g_usbd_pfnSetInterface                   0x2000019c   Data           4  usbd.o(.data)
    g_usbd_pfnSetConfigCallback              0x200001a0   Data           4  usbd.o(.data)
    g_u32EpStallLock                         0x200001a4   Data           4  usbd.o(.data)
    g_au32USB_PlaybackBuff                   0x200001ac   Data        1920  audio_class.o(.bss)
    g_au32I2S0TxBuff                         0x2000092c   Data         768  audio_class.o(.bss)
    g_au32USB_RecordBuff                     0x20000c2c   Data        1920  audio_class.o(.bss)
    g_au32I2S0RxBuff                         0x200013ac   Data         768  audio_class.o(.bss)
    s_I2CCtrl                                0x200016ac   Data          12  nau88l21_lib.o(.bss)
    DMA_TXDESC                               0x200016b8   Data          32  nau88l21_lib.o(.bss)
    DMA_RXDESC                               0x200016d8   Data          32  nau88l21_lib.o(.bss)
    __libspace_start                         0x200016f8   Data          96  libspace.o(.bss)
    __temporary_stack_top$libspace           0x20001758   Data           0  libspace.o(.bss)



==============================================================================

Memory Map of the image

  Image Entry point : 0x000001fd

  Load Region LR_1 (Base: 0x00000000, Size: 0x00004050, Max: 0xffffffff, ABSOLUTE)

    Execution Region ER_RO (Exec base: 0x00000000, Load base: 0x00000000, Size: 0x00003ea4, Max: 0xffffffff, ABSOLUTE)

    Exec Addr    Load Addr    Size         Type   Attr      Idx    E Section Name        Object

    0x00000000   0x00000000   0x00000154   Data   RO            3    RESET               startup_i94100.o
    0x00000154   0x00000154   0x00000008   Code   RO         1085  * !!!main             c_w.l(__main.o)
    0x0000015c   0x0000015c   0x00000034   Code   RO         1249    !!!scatter          c_w.l(__scatter.o)
    0x00000190   0x00000190   0x0000001a   Code   RO         1251    !!handler_copy      c_w.l(__scatter_copy.o)
    0x000001aa   0x000001aa   0x00000002   PAD
    0x000001ac   0x000001ac   0x0000001c   Code   RO         1253    !!handler_zi        c_w.l(__scatter_zi.o)
    0x000001c8   0x000001c8   0x00000000   Code   RO         1080    .ARM.Collect$$_printf_percent$$00000000  c_w.l(_printf_percent.o)
    0x000001c8   0x000001c8   0x00000006   Code   RO         1079    .ARM.Collect$$_printf_percent$$0000000C  c_w.l(_printf_x.o)
    0x000001ce   0x000001ce   0x00000004   Code   RO         1092    .ARM.Collect$$_printf_percent$$00000017  c_w.l(_printf_percent_end.o)
    0x000001d2   0x000001d2   0x00000002   Code   RO         1121    .ARM.Collect$$libinit$$00000000  c_w.l(libinit.o)
    0x000001d4   0x000001d4   0x00000004   Code   RO         1127    .ARM.Collect$$libinit$$00000001  c_w.l(libinit2.o)
    0x000001d8   0x000001d8   0x00000000   Code   RO         1130    .ARM.Collect$$libinit$$00000004  c_w.l(libinit2.o)
    0x000001d8   0x000001d8   0x00000000   Code   RO         1133    .ARM.Collect$$libinit$$0000000A  c_w.l(libinit2.o)
    0x000001d8   0x000001d8   0x00000000   Code   RO         1135    .ARM.Collect$$libinit$$0000000C  c_w.l(libinit2.o)
    0x000001d8   0x000001d8   0x00000000   Code   RO         1137    .ARM.Collect$$libinit$$0000000E  c_w.l(libinit2.o)
    0x000001d8   0x000001d8   0x00000000   Code   RO         1140    .ARM.Collect$$libinit$$00000011  c_w.l(libinit2.o)
    0x000001d8   0x000001d8   0x00000000   Code   RO         1142    .ARM.Collect$$libinit$$00000013  c_w.l(libinit2.o)
    0x000001d8   0x000001d8   0x00000000   Code   RO         1144    .ARM.Collect$$libinit$$00000015  c_w.l(libinit2.o)
    0x000001d8   0x000001d8   0x00000000   Code   RO         1146    .ARM.Collect$$libinit$$00000017  c_w.l(libinit2.o)
    0x000001d8   0x000001d8   0x00000000   Code   RO         1148    .ARM.Collect$$libinit$$00000019  c_w.l(libinit2.o)
    0x000001d8   0x000001d8   0x00000000   Code   RO         1150    .ARM.Collect$$libinit$$0000001B  c_w.l(libinit2.o)
    0x000001d8   0x000001d8   0x00000000   Code   RO         1152    .ARM.Collect$$libinit$$0000001D  c_w.l(libinit2.o)
    0x000001d8   0x000001d8   0x00000000   Code   RO         1154    .ARM.Collect$$libinit$$0000001F  c_w.l(libinit2.o)
    0x000001d8   0x000001d8   0x00000000   Code   RO         1156    .ARM.Collect$$libinit$$00000021  c_w.l(libinit2.o)
    0x000001d8   0x000001d8   0x00000000   Code   RO         1158    .ARM.Collect$$libinit$$00000023  c_w.l(libinit2.o)
    0x000001d8   0x000001d8   0x00000000   Code   RO         1160    .ARM.Collect$$libinit$$00000025  c_w.l(libinit2.o)
    0x000001d8   0x000001d8   0x00000000   Code   RO         1164    .ARM.Collect$$libinit$$0000002C  c_w.l(libinit2.o)
    0x000001d8   0x000001d8   0x00000000   Code   RO         1166    .ARM.Collect$$libinit$$0000002E  c_w.l(libinit2.o)
    0x000001d8   0x000001d8   0x00000000   Code   RO         1168    .ARM.Collect$$libinit$$00000030  c_w.l(libinit2.o)
    0x000001d8   0x000001d8   0x00000000   Code   RO         1170    .ARM.Collect$$libinit$$00000032  c_w.l(libinit2.o)
    0x000001d8   0x000001d8   0x00000002   Code   RO         1171    .ARM.Collect$$libinit$$00000033  c_w.l(libinit2.o)
    0x000001da   0x000001da   0x00000002   Code   RO         1191    .ARM.Collect$$libshutdown$$00000000  c_w.l(libshutdown.o)
    0x000001dc   0x000001dc   0x00000000   Code   RO         1204    .ARM.Collect$$libshutdown$$00000002  c_w.l(libshutdown2.o)
    0x000001dc   0x000001dc   0x00000000   Code   RO         1206    .ARM.Collect$$libshutdown$$00000004  c_w.l(libshutdown2.o)
    0x000001dc   0x000001dc   0x00000000   Code   RO         1209    .ARM.Collect$$libshutdown$$00000007  c_w.l(libshutdown2.o)
    0x000001dc   0x000001dc   0x00000000   Code   RO         1212    .ARM.Collect$$libshutdown$$0000000A  c_w.l(libshutdown2.o)
    0x000001dc   0x000001dc   0x00000000   Code   RO         1214    .ARM.Collect$$libshutdown$$0000000C  c_w.l(libshutdown2.o)
    0x000001dc   0x000001dc   0x00000000   Code   RO         1217    .ARM.Collect$$libshutdown$$0000000F  c_w.l(libshutdown2.o)
    0x000001dc   0x000001dc   0x00000002   Code   RO         1218    .ARM.Collect$$libshutdown$$00000010  c_w.l(libshutdown2.o)
    0x000001de   0x000001de   0x00000000   Code   RO         1087    .ARM.Collect$$rtentry$$00000000  c_w.l(__rtentry.o)
    0x000001de   0x000001de   0x00000000   Code   RO         1094    .ARM.Collect$$rtentry$$00000002  c_w.l(__rtentry2.o)
    0x000001de   0x000001de   0x00000006   Code   RO         1106    .ARM.Collect$$rtentry$$00000004  c_w.l(__rtentry4.o)
    0x000001e4   0x000001e4   0x00000000   Code   RO         1096    .ARM.Collect$$rtentry$$00000009  c_w.l(__rtentry2.o)
    0x000001e4   0x000001e4   0x00000004   Code   RO         1097    .ARM.Collect$$rtentry$$0000000A  c_w.l(__rtentry2.o)
    0x000001e8   0x000001e8   0x00000000   Code   RO         1099    .ARM.Collect$$rtentry$$0000000C  c_w.l(__rtentry2.o)
    0x000001e8   0x000001e8   0x00000008   Code   RO         1100    .ARM.Collect$$rtentry$$0000000D  c_w.l(__rtentry2.o)
    0x000001f0   0x000001f0   0x00000002   Code   RO         1125    .ARM.Collect$$rtexit$$00000000  c_w.l(rtexit.o)
    0x000001f2   0x000001f2   0x00000000   Code   RO         1173    .ARM.Collect$$rtexit$$00000002  c_w.l(rtexit2.o)
    0x000001f2   0x000001f2   0x00000004   Code   RO         1174    .ARM.Collect$$rtexit$$00000003  c_w.l(rtexit2.o)
    0x000001f6   0x000001f6   0x00000006   Code   RO         1175    .ARM.Collect$$rtexit$$00000004  c_w.l(rtexit2.o)
    0x000001fc   0x000001fc   0x00000040   Code   RO            4  * .text               startup_i94100.o
    0x0000023c   0x0000023c   0x0000012c   Code   RO           13    .text               system_i94100.o
    0x00000368   0x00000368   0x00000288   Code   RO          136    .text               sysclk.o
    0x000005f0   0x000005f0   0x0000001c   Code   RO          200    .text               main.o
    0x0000060c   0x0000060c   0x00000d08   Code   RO          282    .text               audio_class.o
    0x00001314   0x00001314   0x000006c4   Code   RO          388    .text               nau88l21_lib.o
    0x000019d8   0x000019d8   0x00000720   Code   RO          432    .text               clk.o
    0x000020f8   0x000020f8   0x000000ae   Code   RO          609    .text               gpio.o
    0x000021a6   0x000021a6   0x00000002   PAD
    0x000021a8   0x000021a8   0x000002e4   Code   RO          633    .text               i2c.o
    0x0000248c   0x0000248c   0x000002a0   Code   RO          664    .text               i2s.o
    0x0000272c   0x0000272c   0x00000380   Code   RO          688    .text               pdma.o
    0x00002aac   0x00002aac   0x00000168   Code   RO          737    .text               retarget.o
    0x00002c14   0x00002c14   0x00000168   Code   RO          843    .text               sys.o
    0x00002d7c   0x00002d7c   0x00000250   Code   RO          867    .text               timer.o
    0x00002fcc   0x00002fcc   0x00000918   Code   RO          920    .text               usbd.o
    0x000038e4   0x000038e4   0x00000018   Code   RO         1032    .text               c_w.l(noretval__2printf.o)
    0x000038fc   0x000038fc   0x0000004e   Code   RO         1036    .text               c_w.l(_printf_pad.o)
    0x0000394a   0x0000394a   0x00000002   PAD
    0x0000394c   0x0000394c   0x00000058   Code   RO         1041    .text               c_w.l(_printf_hex_int.o)
    0x000039a4   0x000039a4   0x00000138   Code   RO         1071    .text               c_w.l(__printf_flags_wp.o)
    0x00003adc   0x00003adc   0x0000002c   Code   RO         1081    .text               c_w.l(puts.o)
    0x00003b08   0x00003b08   0x00000006   Code   RO         1083    .text               c_w.l(heapauxi.o)
    0x00003b0e   0x00003b0e   0x000000b2   Code   RO         1088    .text               c_w.l(_printf_intcommon.o)
    0x00003bc0   0x00003bc0   0x00000024   Code   RO         1090    .text               c_w.l(_printf_char_file.o)
    0x00003be4   0x00003be4   0x00000030   Code   RO         1108    .text               c_w.l(_printf_char_common.o)
    0x00003c14   0x00003c14   0x0000004a   Code   RO         1110    .text               c_w.l(sys_stackheap_outer.o)
    0x00003c5e   0x00003c5e   0x00000012   Code   RO         1114    .text               c_w.l(exit.o)
    0x00003c70   0x00003c70   0x00000008   Code   RO         1122    .text               c_w.l(libspace.o)
    0x00003c78   0x00003c78   0x0000000c   Code   RO         1183    .text               c_w.l(sys_exit.o)
    0x00003c84   0x00003c84   0x00000002   Code   RO         1194    .text               c_w.l(use_no_semi.o)
    0x00003c86   0x00003c86   0x00000000   Code   RO         1196    .text               c_w.l(indicate_semi.o)
    0x00003c86   0x00003c86   0x0000000e   Code   RO         1069    i._is_digit         c_w.l(__printf_wp.o)
    0x00003c94   0x00003c94   0x0000000a   Code   RO         1181    x$fpl$fpinit        fz_wm.l(fpinit.o)
    0x00003c9e   0x00003c9e   0x00000002   PAD
    0x00003ca0   0x00003ca0   0x00000198   Data   RO          345    .constdata          audio_descriptor.o
    0x00003e38   0x00003e38   0x00000010   Data   RO          689    .constdata          pdma.o
    0x00003e48   0x00003e48   0x00000028   Data   RO         1042    .constdata          c_w.l(_printf_hex_int.o)
    0x00003e70   0x00003e70   0x00000011   Data   RO         1072    .constdata          c_w.l(__printf_flags_wp.o)
    0x00003e81   0x00003e81   0x00000003   PAD
    0x00003e84   0x00003e84   0x00000020   Data   RO         1247    Region$$Table       anon$$obj.o


    Execution Region ER_RW (Exec base: 0x20000000, Load base: 0x00003ea4, Size: 0x000001ac, Max: 0xffffffff, ABSOLUTE)

    Exec Addr    Load Addr    Size         Type   Attr      Idx    E Section Name        Object

    0x20000000   0x00003ea4   0x0000002c   Data   RW           14    .data               system_i94100.o
    0x2000002c   0x00003ed0   0x00000001   Data   RW          137    .data               sysclk.o
    0x2000002d   0x00003ed1   0x00000003   PAD
    0x20000030   0x00003ed4   0x0000004c   Data   RW          284    .data               audio_class.o
    0x2000007c   0x00003f20   0x00000050   Data   RW          346    .data               audio_descriptor.o
    0x200000cc   0x00003f70   0x00000088   Data   RW          390    .data               nau88l21_lib.o
    0x20000154   0x00003ff8   0x00000008   Data   RW          738    .data               retarget.o
    0x2000015c   0x00004000   0x0000004d   Data   RW          921    .data               usbd.o


    Execution Region ER_ZI (Exec base: 0x200001ac, Load base: 0x00004050, Size: 0x000025ac, Max: 0xffffffff, ABSOLUTE)

    Exec Addr    Load Addr    Size         Type   Attr      Idx    E Section Name        Object

    0x200001ac        -       0x00001500   Zero   RW          283    .bss                audio_class.o
    0x200016ac        -       0x0000004c   Zero   RW          389    .bss                nau88l21_lib.o
    0x200016f8        -       0x00000060   Zero   RW         1123    .bss                c_w.l(libspace.o)
    0x20001758        -       0x00000000   Zero   RW            2    HEAP                startup_i94100.o
    0x20001758        -       0x00001000   Zero   RW            1    STACK               startup_i94100.o


==============================================================================

Image component sizes


      Code (inc. data)   RO Data    RW Data    ZI Data      Debug   Object Name

      3336        330          0         76       5376     218104   audio_class.o
         0          0        408         80          0       8481   audio_descriptor.o
      1824         70          0          0          0       7404   clk.o
       174          0          0          0          0       2041   gpio.o
       740          4          0          0          0       7050   i2c.o
       672         34          0          0          0       3352   i2s.o
        28          0          0          0          0        495   main.o
      1732        174          0        136         76      42938   nau88l21_lib.o
       896         16         16          0          0       4846   pdma.o
       360        126          0          8          0       4579   retarget.o
        64         22        340          0       4096        920   startup_i94100.o
       360          4          0          0          0       2783   sys.o
       648         48          0          1          0     218645   sysclk.o
       300         46          0         44          0     206985   system_i94100.o
       592         62          0          0          0       3274   timer.o
      2328        186          0         77          0      31500   usbd.o

    ----------------------------------------------------------------------
     14056       1122        796        428       9548     763397   Object Totals
         0          0         32          0          0          0   (incl. Generated)
         2          0          0          6          0          0   (incl. Padding)

    ----------------------------------------------------------------------

      Code (inc. data)   RO Data    RW Data    ZI Data      Debug   Library Member Name

         8          0          0          0          0         68   __main.o
       312          4         17          0          0         92   __printf_flags_wp.o
        14          0          0          0          0         68   __printf_wp.o
         0          0          0          0          0          0   __rtentry.o
        12          0          0          0          0          0   __rtentry2.o
         6          0          0          0          0          0   __rtentry4.o
        52          8          0          0          0          0   __scatter.o
        26          0          0          0          0          0   __scatter_copy.o
        28          0          0          0          0          0   __scatter_zi.o
        48          6          0          0          0         96   _printf_char_common.o
        36          4          0          0          0         80   _printf_char_file.o
        88          4         40          0          0         88   _printf_hex_int.o
       178          0          0          0          0         88   _printf_intcommon.o
        78          0          0          0          0        108   _printf_pad.o
         0          0          0          0          0          0   _printf_percent.o
         4          0          0          0          0          0   _printf_percent_end.o
         6          0          0          0          0          0   _printf_x.o
        18          0          0          0          0         80   exit.o
         6          0          0          0          0        152   heapauxi.o
         0          0          0          0          0          0   indicate_semi.o
         2          0          0          0          0          0   libinit.o
         6          0          0          0          0          0   libinit2.o
         2          0          0          0          0          0   libshutdown.o
         2          0          0          0          0          0   libshutdown2.o
         8          4          0          0         96         68   libspace.o
        24          4          0          0          0         84   noretval__2printf.o
        44          4          0          0          0         84   puts.o
         2          0          0          0          0          0   rtexit.o
        10          0          0          0          0          0   rtexit2.o
        12          4          0          0          0         68   sys_exit.o
        74          0          0          0          0         80   sys_stackheap_outer.o
         2          0          0          0          0         68   use_no_semi.o
        10          0          0          0          0        116   fpinit.o

    ----------------------------------------------------------------------
      1124         42         60          0         96       1488   Library Totals
         6          0          3          0          0          0   (incl. Padding)

    ----------------------------------------------------------------------

      Code (inc. data)   RO Data    RW Data    ZI Data      Debug   Library Name

      1108         42         57          0         96       1372   c_w.l
        10          0          0          0          0        116   fz_wm.l

    ----------------------------------------------------------------------
      1124         42         60          0         96       1488   Library Totals

    ----------------------------------------------------------------------

==============================================================================


      Code (inc. data)   RO Data    RW Data    ZI Data      Debug   

     15180       1164        856        428       9644     760461   Grand Totals
     15180       1164        856        428       9644     760461   ELF Image Totals
     15180       1164        856        428          0          0   ROM Totals

==============================================================================

    Total RO  Size (Code + RO Data)                16036 (  15.66kB)
    Total RW  Size (RW Data + ZI Data)             10072 (   9.84kB)
    Total ROM Size (Code + RO Data + RW Data)      16464 (  16.08kB)

==============================================================================

